../Core/Inc/rc522.h:175:9:spi_transfer	32	static
../Core/Inc/rc522.h:184:6:writeRegister	16	static
../Core/Inc/rc522.h:193:6:readRegister	24	static
../Core/Inc/rc522.h:207:6:writeData	32	static
../Core/Inc/rc522.h:222:6:readData	48	static
../Core/Inc/rc522.h:266:6:Write_MFRC522	16	static
../Core/Inc/rc522.h:276:7:Read_MFRC522	24	static
../Core/Inc/rc522.h:294:6:MFRC522_Reset	8	static
../Core/Inc/rc522.h:318:6:MFRC522_Init	8	static
../Core/Inc/rc522.h:347:6:AntennaOn	8	static
../Core/Inc/rc522.h:361:6:SetBitMask	24	static
../Core/Inc/rc522.h:382:7:MFRC522_Request	32	static
../Core/Inc/rc522.h:413:7:MFRC522_ToCard	48	static
../Core/Inc/rc522.h:536:6:ClearBitMask	24	static
../Core/Inc/rc522.h:553:7:MFRC522_Anticoll	32	static
../Core/Inc/rc522.h:599:7:MFRC522_Read	32	static
../Core/Inc/rc522.h:624:7:MFRC522_Write	56	static
../Core/Inc/rc522.h:669:6:CalulateCRC	40	static
../Core/Inc/rc522.h:710:7:MFRC522_SelectTag	48	static
../Core/Inc/rc522.h:753:7:MFRC522_Auth	56	static
../Core/Inc/rc522.h:795:6:MFRC522_Halt	32	static
../Core/Inc/rc522.h:817:6:AntennaOff	8	static
../Core/Src/main.c:76:5:main	16	static
../Core/Src/main.c:137:6:SystemClock_Config	72	static
../Core/Src/main.c:174:13:MX_SPI1_Init	8	static
../Core/Src/main.c:212:13:MX_TIM2_Init	32	static
../Core/Src/main.c:257:13:MX_GPIO_Init	40	static
../Core/Src/main.c:306:6:SPI_mfrc_Init	4	static
../Core/Src/main.c:310:6:HAL_TIM_PeriodElapsedCallback	16	static
../Core/Src/main.c:320:6:Error_Handler	4	static,ignoring_inline_asm
