Archive member included to satisfy reference by file (symbol)

c:/st/stm32cubeide_1.7.0/stm32cubeide/plugins/com.st.stm32cube.ide.mcu.externaltools.gnu-tools-for-stm32.10.3-2021.10.win32_1.0.0.202111181127/tools/bin/../lib/gcc/arm-none-eabi/10.3.1/../../../../arm-none-eabi/lib/thumb/v7-m/nofp\libc_nano.a(lib_a-errno.o)
                              ./Core/Src/syscalls.o (__errno)
c:/st/stm32cubeide_1.7.0/stm32cubeide/plugins/com.st.stm32cube.ide.mcu.externaltools.gnu-tools-for-stm32.10.3-2021.10.win32_1.0.0.202111181127/tools/bin/../lib/gcc/arm-none-eabi/10.3.1/../../../../arm-none-eabi/lib/thumb/v7-m/nofp\libc_nano.a(lib_a-exit.o)
                              c:/st/stm32cubeide_1.7.0/stm32cubeide/plugins/com.st.stm32cube.ide.mcu.externaltools.gnu-tools-for-stm32.10.3-2021.10.win32_1.0.0.202111181127/tools/bin/../lib/gcc/arm-none-eabi/10.3.1/../../../../arm-none-eabi/lib/thumb/v7-m/nofp/crt0.o (exit)
c:/st/stm32cubeide_1.7.0/stm32cubeide/plugins/com.st.stm32cube.ide.mcu.externaltools.gnu-tools-for-stm32.10.3-2021.10.win32_1.0.0.202111181127/tools/bin/../lib/gcc/arm-none-eabi/10.3.1/../../../../arm-none-eabi/lib/thumb/v7-m/nofp\libc_nano.a(lib_a-impure.o)
                              c:/st/stm32cubeide_1.7.0/stm32cubeide/plugins/com.st.stm32cube.ide.mcu.externaltools.gnu-tools-for-stm32.10.3-2021.10.win32_1.0.0.202111181127/tools/bin/../lib/gcc/arm-none-eabi/10.3.1/../../../../arm-none-eabi/lib/thumb/v7-m/nofp\libc_nano.a(lib_a-exit.o) (_global_impure_ptr)
c:/st/stm32cubeide_1.7.0/stm32cubeide/plugins/com.st.stm32cube.ide.mcu.externaltools.gnu-tools-for-stm32.10.3-2021.10.win32_1.0.0.202111181127/tools/bin/../lib/gcc/arm-none-eabi/10.3.1/../../../../arm-none-eabi/lib/thumb/v7-m/nofp\libc_nano.a(lib_a-init.o)
                              c:/st/stm32cubeide_1.7.0/stm32cubeide/plugins/com.st.stm32cube.ide.mcu.externaltools.gnu-tools-for-stm32.10.3-2021.10.win32_1.0.0.202111181127/tools/bin/../lib/gcc/arm-none-eabi/10.3.1/../../../../arm-none-eabi/lib/thumb/v7-m/nofp/crt0.o (__libc_init_array)
c:/st/stm32cubeide_1.7.0/stm32cubeide/plugins/com.st.stm32cube.ide.mcu.externaltools.gnu-tools-for-stm32.10.3-2021.10.win32_1.0.0.202111181127/tools/bin/../lib/gcc/arm-none-eabi/10.3.1/../../../../arm-none-eabi/lib/thumb/v7-m/nofp\libc_nano.a(lib_a-memset.o)
                              c:/st/stm32cubeide_1.7.0/stm32cubeide/plugins/com.st.stm32cube.ide.mcu.externaltools.gnu-tools-for-stm32.10.3-2021.10.win32_1.0.0.202111181127/tools/bin/../lib/gcc/arm-none-eabi/10.3.1/../../../../arm-none-eabi/lib/thumb/v7-m/nofp/crt0.o (memset)
c:/st/stm32cubeide_1.7.0/stm32cubeide/plugins/com.st.stm32cube.ide.mcu.externaltools.gnu-tools-for-stm32.10.3-2021.10.win32_1.0.0.202111181127/tools/bin/../lib/gcc/arm-none-eabi/10.3.1/../../../../arm-none-eabi/lib/thumb/v7-m/nofp\libm.a(lib_a-w_pow.o)
                              ./Core/Src/button.o (pow)
c:/st/stm32cubeide_1.7.0/stm32cubeide/plugins/com.st.stm32cube.ide.mcu.externaltools.gnu-tools-for-stm32.10.3-2021.10.win32_1.0.0.202111181127/tools/bin/../lib/gcc/arm-none-eabi/10.3.1/../../../../arm-none-eabi/lib/thumb/v7-m/nofp\libm.a(lib_a-e_pow.o)
                              c:/st/stm32cubeide_1.7.0/stm32cubeide/plugins/com.st.stm32cube.ide.mcu.externaltools.gnu-tools-for-stm32.10.3-2021.10.win32_1.0.0.202111181127/tools/bin/../lib/gcc/arm-none-eabi/10.3.1/../../../../arm-none-eabi/lib/thumb/v7-m/nofp\libm.a(lib_a-w_pow.o) (__ieee754_pow)
c:/st/stm32cubeide_1.7.0/stm32cubeide/plugins/com.st.stm32cube.ide.mcu.externaltools.gnu-tools-for-stm32.10.3-2021.10.win32_1.0.0.202111181127/tools/bin/../lib/gcc/arm-none-eabi/10.3.1/../../../../arm-none-eabi/lib/thumb/v7-m/nofp\libm.a(lib_a-e_sqrt.o)
                              c:/st/stm32cubeide_1.7.0/stm32cubeide/plugins/com.st.stm32cube.ide.mcu.externaltools.gnu-tools-for-stm32.10.3-2021.10.win32_1.0.0.202111181127/tools/bin/../lib/gcc/arm-none-eabi/10.3.1/../../../../arm-none-eabi/lib/thumb/v7-m/nofp\libm.a(lib_a-e_pow.o) (__ieee754_sqrt)
c:/st/stm32cubeide_1.7.0/stm32cubeide/plugins/com.st.stm32cube.ide.mcu.externaltools.gnu-tools-for-stm32.10.3-2021.10.win32_1.0.0.202111181127/tools/bin/../lib/gcc/arm-none-eabi/10.3.1/../../../../arm-none-eabi/lib/thumb/v7-m/nofp\libm.a(lib_a-math_err.o)
                              c:/st/stm32cubeide_1.7.0/stm32cubeide/plugins/com.st.stm32cube.ide.mcu.externaltools.gnu-tools-for-stm32.10.3-2021.10.win32_1.0.0.202111181127/tools/bin/../lib/gcc/arm-none-eabi/10.3.1/../../../../arm-none-eabi/lib/thumb/v7-m/nofp\libm.a(lib_a-e_pow.o) (__math_uflow)
c:/st/stm32cubeide_1.7.0/stm32cubeide/plugins/com.st.stm32cube.ide.mcu.externaltools.gnu-tools-for-stm32.10.3-2021.10.win32_1.0.0.202111181127/tools/bin/../lib/gcc/arm-none-eabi/10.3.1/../../../../arm-none-eabi/lib/thumb/v7-m/nofp\libm.a(lib_a-s_fabs.o)
[...]
Memory Configuration

Name             Origin             Length             Attributes
RAM              0x0000000020000000 0x0000000000005000 xrw
FLASH            0x0000000008000000 0x0000000000010000 xr
*default*        0x0000000000000000 0xffffffffffffffff

Linker script and memory map

LOAD c:/st/stm32cubeide_1.7.0/stm32cubeide/plugins/com.st.stm32cube.ide.mcu.externaltools.gnu-tools-for-stm32.10.3-2021.10.win32_1.0.0.202111181127/tools/bin/../lib/gcc/arm-none-eabi/10.3.1/thumb/v7-m/nofp/crti.o
LOAD c:/st/stm32cubeide_1.7.0/stm32cubeide/plugins/com.st.stm32cube.ide.mcu.externaltools.gnu-tools-for-stm32.10.3-2021.10.win32_1.0.0.202111181127/tools/bin/../lib/gcc/arm-none-eabi/10.3.1/thumb/v7-m/nofp/crtbegin.o
LOAD c:/st/stm32cubeide_1.7.0/stm32cubeide/plugins/com.st.stm32cube.ide.mcu.externaltools.gnu-tools-for-stm32.10.3-2021.10.win32_1.0.0.202111181127/tools/bin/../lib/gcc/arm-none-eabi/10.3.1/../../../../arm-none-eabi/lib/thumb/v7-m/nofp/crt0.o
LOAD ./Core/Src/blinking_led.o
LOAD ./Core/Src/button.o
LOAD ./Core/Src/fsm.o
LOAD ./Core/Src/global.o
LOAD ./Core/Src/main.o
LOAD ./Core/Src/memory_struct.o
LOAD ./Core/Src/software_timer.o
LOAD ./Core/Src/stm32f1xx_hal_msp.o
LOAD ./Core/Src/stm32f1xx_it.o
LOAD ./Core/Src/syscalls.o
LOAD ./Core/Src/sysmem.o
LOAD ./Core/Src/system_stm32f1xx.o
LOAD ./Core/Startup/startup_stm32f103c8tx.o
LOAD ./Drivers/STM32F1xx_HAL_Driver/Src/stm32f1xx_hal.o
LOAD ./Drivers/STM32F1xx_HAL_Driver/Src/stm32f1xx_hal_cortex.o
LOAD ./Drivers/STM32F1xx_HAL_Driver/Src/stm32f1xx_hal_dma.o
LOAD ./Drivers/STM32F1xx_HAL_Driver/Src/stm32f1xx_hal_exti.o
LOAD ./Drivers/STM32F1xx_HAL_Driver/Src/stm32f1xx_hal_flash.o
LOAD ./Drivers/STM32F1xx_HAL_Driver/Src/stm32f1xx_hal_flash_ex.o
LOAD ./Drivers/STM32F1xx_HAL_Driver/Src/stm32f1xx_hal_gpio.o
LOAD ./Drivers/STM32F1xx_HAL_Driver/Src/stm32f1xx_hal_gpio_ex.o
LOAD ./Drivers/STM32F1xx_HAL_Driver/Src/stm32f1xx_hal_pwr.o
LOAD ./Drivers/STM32F1xx_HAL_Driver/Src/stm32f1xx_hal_rcc.o
LOAD ./Drivers/STM32F1xx_HAL_Driver/Src/stm32f1xx_hal_rcc_ex.o
LOAD ./Drivers/STM32F1xx_HAL_Driver/Src/stm32f1xx_hal_spi.o
LOAD ./Drivers/STM32F1xx_HAL_Driver/Src/stm32f1xx_hal_tim.o
LOAD ./Drivers/STM32F1xx_HAL_Driver/Src/stm32f1xx_hal_tim_ex.o
START GROUP
LOAD c:/st/stm32cubeide_1.7.0/stm32cubeide/plugins/com.st.stm32cube.ide.mcu.externaltools.gnu-tools-for-stm32.10.3-2021.10.win32_1.0.0.202111181127/tools/bin/../lib/gcc/arm-none-eabi/10.3.1/../../../../arm-none-eabi/lib/thumb/v7-m/nofp\libc_nano.a
LOAD c:/st/stm32cubeide_1.7.0/stm32cubeide/plugins/com.st.stm32cube.ide.mcu.externaltools.gnu-tools-for-stm32.10.3-2021.10.win32_1.0.0.202111181127/tools/bin/../lib/gcc/arm-none-eabi/10.3.1/../../../../arm-none-eabi/lib/thumb/v7-m/nofp\libm.a
END GROUP
START GROUP
LOAD c:/st/stm32cubeide_1.7.0/stm32cubeide/plugins/com.st.stm32cube.ide.mcu.externaltools.gnu-tools-for-stm32.10.3-2021.10.win32_1.0.0.202111181127/tools/bin/../lib/gcc/arm-none-eabi/10.3.1/thumb/v7-m/nofp\libgcc.a
LOAD c:/st/stm32cubeide_1.7.0/stm32cubeide/plugins/com.st.stm32cube.ide.mcu.externaltools.gnu-tools-for-stm32.10.3-2021.10.win32_1.0.0.202111181127/tools/bin/../lib/gcc/arm-none-eabi/10.3.1/../../../../arm-none-eabi/lib/thumb/v7-m/nofp\libc_nano.a
END GROUP
START GROUP
LOAD c:/st/stm32cubeide_1.7.0/stm32cubeide/plugins/com.st.stm32cube.ide.mcu.externaltools.gnu-tools-for-stm32.10.3-2021.10.win32_1.0.0.202111181127/tools/bin/../lib/gcc/arm-none-eabi/10.3.1/thumb/v7-m/nofp\libgcc.a
LOAD c:/st/stm32cubeide_1.7.0/stm32cubeide/plugins/com.st.stm32cube.ide.mcu.externaltools.gnu-tools-for-stm32.10.3-2021.10.win32_1.0.0.202111181127/tools/bin/../lib/gcc/arm-none-eabi/10.3.1/../../../../arm-none-eabi/lib/thumb/v7-m/nofp\libc_nano.a
LOAD c:/st/stm32cubeide_1.7.0/stm32cubeide/plugins/com.st.stm32cube.ide.mcu.externaltools.gnu-tools-for-stm32.10.3-2021.10.win32_1.0.0.202111181127/tools/bin/../lib/gcc/arm-none-eabi/10.3.1/../../../../arm-none-eabi/lib/thumb/v7-m/nofp\libnosys.a
END GROUP
START GROUP
LOAD c:/st/stm32cubeide_1.7.0/stm32cubeide/plugins/com.st.stm32cube.ide.mcu.externaltools.gnu-tools-for-stm32.10.3-2021.10.win32_1.0.0.202111181127/tools/bin/../lib/gcc/arm-none-eabi/10.3.1/thumb/v7-m/nofp\libgcc.a
LOAD c:/st/stm32cubeide_1.7.0/stm32cubeide/plugins/com.st.stm32cube.ide.mcu.externaltools.gnu-tools-for-stm32.10.3-2021.10.win32_1.0.0.202111181127/tools/bin/../lib/gcc/arm-none-eabi/10.3.1/../../../../arm-none-eabi/lib/thumb/v7-m/nofp\libc_nano.a
LOAD c:/st/stm32cubeide_1.7.0/stm32cubeide/plugins/com.st.stm32cube.ide.mcu.externaltools.gnu-tools-for-stm32.10.3-2021.10.win32_1.0.0.202111181127/tools/bin/../lib/gcc/arm-none-eabi/10.3.1/../../../../arm-none-eabi/lib/thumb/v7-m/nofp\libnosys.a
END GROUP
LOAD c:/st/stm32cubeide_1.7.0/stm32cubeide/plugins/com.st.stm32cube.ide.mcu.externaltools.gnu-tools-for-stm32.10.3-2021.10.win32_1.0.0.202111181127/tools/bin/../lib/gcc/arm-none-eabi/10.3.1/thumb/v7-m/nofp/crtend.o
LOAD c:/st/stm32cubeide_1.7.0/stm32cubeide/plugins/com.st.stm32cube.ide.mcu.externaltools.gnu-tools-for-stm32.10.3-2021.10.win32_1.0.0.202111181127/tools/bin/../lib/gcc/arm-none-eabi/10.3.1/thumb/v7-m/nofp/crtn.o
                0x0000000020005000                _estack = (ORIGIN (RAM) + LENGTH (RAM))
                0x0000000000000200                _Min_Heap_Size = 0x200
                0x0000000000000400                _Min_Stack_Size = 0x400

.isr_vector     0x0000000008000000      0x10c
                0x0000000008000000                . = ALIGN (0x4)
 *(.isr_vector)
 .isr_vector    0x0000000008000000      0x10c ./Core/Startup/startup_stm32f103c8tx.o
                0x0000000008000000                g_pfnVectors
                0x000000000800010c                . = ALIGN (0x4)

.text           0x0000000008000110     0x48bc
                0x0000000008000110                . = ALIGN (0x4)
 *(.text)
 .text          0x0000000008000110       0x40 c:/st/stm32cubeide_1.7.0/stm32cubeide/plugins/com.st.stm32cube.ide.mcu.externaltools.gnu-tools-for-stm32.10.3-2021.10.win32_1.0.0.202111181127/tools/bin/../lib/gcc/arm-none-eabi/10.3.1/thumb/v7-m/nofp/crtbegin.o
 .text          0x0000000008000150      0x378 c:/st/stm32cubeide_1.7.0/stm32cubeide/plugins/com.st.stm32cube.ide.mcu.externaltools.gnu-tools-for-stm32.10.3-2021.10.win32_1.0.0.202111181127/tools/bin/../lib/gcc/arm-none-eabi/10.3.1/thumb/v7-m/nofp\libgcc.a(_arm_addsubdf3.o)
                0x0000000008000150                __aeabi_drsub
                0x0000000008000158                __aeabi_dsub
                0x0000000008000158                __subdf3
                0x000000000800015c                __aeabi_dadd
                0x000000000800015c                __adddf3
                0x00000000080003d4                __floatunsidf
                0x00000000080003d4                __aeabi_ui2d
                0x00000000080003f4                __floatsidf
                0x00000000080003f4                __aeabi_i2d
                0x0000000008000418                __aeabi_f2d
                0x0000000008000418                __extendsfdf2
                0x000000000800045c                __floatundidf
                0x000000000800045c                __aeabi_ul2d
                0x000000000800046c                __floatdidf
                0x000000000800046c                __aeabi_l2d
 .text          0x00000000080004c8      0x424 c:/st/stm32cubeide_1.7.0/stm32cubeide/plugins/com.st.stm32cube.ide.mcu.externaltools.gnu-tools-for-stm32.10.3-2021.10.win32_1.0.0.202111181127/tools/bin/../lib/gcc/arm-none-eabi/10.3.1/thumb/v7-m/nofp\libgcc.a(_arm_muldivdf3.o)
                0x00000000080004c8                __aeabi_dmul
                0x00000000080004c8                __muldf3
                0x000000000800071c                __divdf3
                0x000000000800071c                __aeabi_ddiv
 .text          0x00000000080008ec      0x110 c:/st/stm32cubeide_1.7.0/stm32cubeide/plugins/com.st.stm32cube.ide.mcu.externaltools.gnu-tools-for-stm32.10.3-2021.10.win32_1.0.0.202111181127/tools/bin/../lib/gcc/arm-none-eabi/10.3.1/thumb/v7-m/nofp\libgcc.a(_arm_cmpdf2.o)
                0x00000000080008ec                __gtdf2
                0x00000000080008ec                __gedf2
                0x00000000080008f4                __ltdf2
                0x00000000080008f4                __ledf2
                0x00000000080008fc                __nedf2
                0x00000000080008fc                __eqdf2
                0x00000000080008fc                __cmpdf2
                0x0000000008000978                __aeabi_cdrcmple
                0x0000000008000988                __aeabi_cdcmpeq
                0x0000000008000988                __aeabi_cdcmple
                0x0000000008000998                __aeabi_dcmpeq
                0x00000000080009ac                __aeabi_dcmplt
                0x00000000080009c0                __aeabi_dcmple
                0x00000000080009d4                __aeabi_dcmpge
                0x00000000080009e8                __aeabi_dcmpgt
 .text          0x00000000080009fc       0x2c c:/st/stm32cubeide_1.7.0/stm32cubeide/plugins/com.st.stm32cube.ide.mcu.externaltools.gnu-tools-for-stm32.10.3-2021.10.win32_1.0.0.202111181127/tools/bin/../lib/gcc/arm-none-eabi/10.3.1/thumb/v7-m/nofp\libgcc.a(_arm_unorddf2.o)
                0x00000000080009fc                __unorddf2
                0x00000000080009fc                __aeabi_dcmpun
 .text          0x0000000008000a28       0x40 c:/st/stm32cubeide_1.7.0/stm32cubeide/plugins/com.st.stm32cube.ide.mcu.externaltools.gnu-tools-for-stm32.10.3-2021.10.win32_1.0.0.202111181127/tools/bin/../lib/gcc/arm-none-eabi/10.3.1/thumb/v7-m/nofp\libgcc.a(_arm_fixunsdfsi.o)
                0x0000000008000a28                __aeabi_d2uiz
                0x0000000008000a28                __fixunsdfsi
 *(.text*)
 .text.blink    0x0000000008000a68       0x94 ./Core/Src/blinking_led.o
                0x0000000008000a68                blink
 .text.button_reading
                0x0000000008000afc      0x1c4 ./Core/Src/button.o
                0x0000000008000afc                button_reading
 .text.reset_buffer
                0x0000000008000cc0       0x34 ./Core/Src/fsm.o
                0x0000000008000cc0                reset_buffer
 .text.fsm_run  0x0000000008000cf4      0x4a4 ./Core/Src/fsm.o
                0x0000000008000cf4                fsm_run
 .text.spi_transfer
                0x0000000008001198       0x2c ./Core/Src/main.o
                0x0000000008001198                spi_transfer
 .text.Write_MFRC522
                0x00000000080011c4       0x50 ./Core/Src/main.o
                0x00000000080011c4                Write_MFRC522
 .text.Read_MFRC522
                0x0000000008001214       0x58 ./Core/Src/main.o
                0x0000000008001214                Read_MFRC522
 .text.MFRC522_Reset
                0x000000000800126c       0x10 ./Core/Src/main.o
                0x000000000800126c                MFRC522_Reset
 .text.MFRC522_Init
                0x000000000800127c       0x40 ./Core/Src/main.o
                0x000000000800127c                MFRC522_Init
 .text.AntennaOn
                0x00000000080012bc       0x10 ./Core/Src/main.o
                0x00000000080012bc                AntennaOn
 .text.SetBitMask
                0x00000000080012cc       0x36 ./Core/Src/main.o
                0x00000000080012cc                SetBitMask
 .text.MFRC522_Request
                0x0000000008001302       0x4a ./Core/Src/main.o
                0x0000000008001302                MFRC522_Request
 .text.MFRC522_ToCard
                0x000000000800134c      0x192 ./Core/Src/main.o
                0x000000000800134c                MFRC522_ToCard
 .text.ClearBitMask
                0x00000000080014de       0x40 ./Core/Src/main.o
                0x00000000080014de                ClearBitMask
 .text.MFRC522_Anticoll
                0x000000000800151e       0x7a ./Core/Src/main.o
                0x000000000800151e                MFRC522_Anticoll
 .text.main     0x0000000008001598       0x7c ./Core/Src/main.o
                0x0000000008001598                main
 .text.SystemClock_Config
                0x0000000008001614       0x76 ./Core/Src/main.o
                0x0000000008001614                SystemClock_Config
 *fill*         0x000000000800168a        0x2 
 .text.MX_SPI1_Init
                0x000000000800168c       0x6c ./Core/Src/main.o
 .text.MX_TIM2_Init
                0x00000000080016f8       0x98 ./Core/Src/main.o
 .text.MX_GPIO_Init
                0x0000000008001790      0x120 ./Core/Src/main.o
 .text.SPI_mfrc_Init
                0x00000000080018b0       0x1c ./Core/Src/main.o
                0x00000000080018b0                SPI_mfrc_Init
 .text.HAL_TIM_PeriodElapsedCallback
                0x00000000080018cc       0x18 ./Core/Src/main.o
                0x00000000080018cc                HAL_TIM_PeriodElapsedCallback
 .text.Error_Handler
                0x00000000080018e4        0xa ./Core/Src/main.o
                0x00000000080018e4                Error_Handler
 .text.equalZero
                0x00000000080018ee       0x36 ./Core/Src/memory_struct.o
                0x00000000080018ee                equalZero
 .text.equalID  0x0000000008001924       0x40 ./Core/Src/memory_struct.o
                0x0000000008001924                equalID
 .text.duplicateID
                0x0000000008001964       0x38 ./Core/Src/memory_struct.o
                0x0000000008001964                duplicateID
 .text.insert   0x000000000800199c       0x9c ./Core/Src/memory_struct.o
                0x000000000800199c                insert
 .text.delete_all
                0x0000000008001a38       0x48 ./Core/Src/memory_struct.o
                0x0000000008001a38                delete_all
 .text.search   0x0000000008001a80       0x74 ./Core/Src/memory_struct.o
                0x0000000008001a80                search
 .text.add_new_card
                0x0000000008001af4       0x18 ./Core/Src/memory_struct.o
                0x0000000008001af4                add_new_card
 .text.delete_card
                0x0000000008001b0c        0xe ./Core/Src/memory_struct.o
                0x0000000008001b0c                delete_card
 *fill*         0x0000000008001b1a        0x2 
 .text.set_admin
                0x0000000008001b1c       0x20 ./Core/Src/memory_struct.o
                0x0000000008001b1c                set_admin
 .text.check_admin
                0x0000000008001b3c       0x20 ./Core/Src/memory_struct.o
                0x0000000008001b3c                check_admin
 .text.setTimer1
                0x0000000008001b5c       0x28 ./Core/Src/software_timer.o
                0x0000000008001b5c                setTimer1
 .text.setTimer2
                0x0000000008001b84       0x28 ./Core/Src/software_timer.o
                0x0000000008001b84                setTimer2
 .text.setTimer3
                0x0000000008001bac       0x28 ./Core/Src/software_timer.o
                0x0000000008001bac                setTimer3
 .text.setTimer4
                0x0000000008001bd4       0x28 ./Core/Src/software_timer.o
                0x0000000008001bd4                setTimer4
 .text.setTimer5
                0x0000000008001bfc       0x28 ./Core/Src/software_timer.o
                0x0000000008001bfc                setTimer5
 .text.setTimer6
                0x0000000008001c24       0x28 ./Core/Src/software_timer.o
                0x0000000008001c24                setTimer6
 .text.setTimer7
                0x0000000008001c4c       0x28 ./Core/Src/software_timer.o
                0x0000000008001c4c                setTimer7
 .text.setTimer8
                0x0000000008001c74       0x28 ./Core/Src/software_timer.o
                0x0000000008001c74                setTimer8
 .text.timeRun  0x0000000008001c9c      0x14c ./Core/Src/software_timer.o
                0x0000000008001c9c                timeRun
 .text.HAL_MspInit
                0x0000000008001de8       0x64 ./Core/Src/stm32f1xx_hal_msp.o
                0x0000000008001de8                HAL_MspInit
 .text.HAL_SPI_MspInit
                0x0000000008001e4c       0x94 ./Core/Src/stm32f1xx_hal_msp.o
                0x0000000008001e4c                HAL_SPI_MspInit
 .text.HAL_TIM_Base_MspInit
                0x0000000008001ee0       0x48 ./Core/Src/stm32f1xx_hal_msp.o
                0x0000000008001ee0                HAL_TIM_Base_MspInit
 .text.NMI_Handler
                0x0000000008001f28        0x6 ./Core/Src/stm32f1xx_it.o
                0x0000000008001f28                NMI_Handler
 .text.HardFault_Handler
                0x0000000008001f2e        0x6 ./Core/Src/stm32f1xx_it.o
                0x0000000008001f2e                HardFault_Handler
 .text.MemManage_Handler
                0x0000000008001f34        0x6 ./Core/Src/stm32f1xx_it.o
                0x0000000008001f34                MemManage_Handler
 .text.BusFault_Handler
                0x0000000008001f3a        0x6 ./Core/Src/stm32f1xx_it.o
                0x0000000008001f3a                BusFault_Handler
 .text.UsageFault_Handler
                0x0000000008001f40        0x6 ./Core/Src/stm32f1xx_it.o
                0x0000000008001f40                UsageFault_Handler
 .text.SVC_Handler
                0x0000000008001f46        0xc ./Core/Src/stm32f1xx_it.o
                0x0000000008001f46                SVC_Handler
 .text.DebugMon_Handler
                0x0000000008001f52        0xc ./Core/Src/stm32f1xx_it.o
                0x0000000008001f52                DebugMon_Handler
 .text.PendSV_Handler
                0x0000000008001f5e        0xc ./Core/Src/stm32f1xx_it.o
                0x0000000008001f5e                PendSV_Handler
 .text.SysTick_Handler
                0x0000000008001f6a        0xc ./Core/Src/stm32f1xx_it.o
                0x0000000008001f6a                SysTick_Handler
 *fill*         0x0000000008001f76        0x2 
 .text.TIM2_IRQHandler
                0x0000000008001f78       0x14 ./Core/Src/stm32f1xx_it.o
                0x0000000008001f78                TIM2_IRQHandler
 .text.SystemInit
                0x0000000008001f8c        0xc ./Core/Src/system_stm32f1xx.o
                0x0000000008001f8c                SystemInit
 .text.Reset_Handler
                0x0000000008001f98       0x48 ./Core/Startup/startup_stm32f103c8tx.o
                0x0000000008001f98                Reset_Handler
 .text.Default_Handler
                0x0000000008001fe0        0x2 ./Core/Startup/startup_stm32f103c8tx.o
                0x0000000008001fe0                RTC_Alarm_IRQHandler
                0x0000000008001fe0                EXTI2_IRQHandler
                0x0000000008001fe0                TIM1_CC_IRQHandler
                0x0000000008001fe0                PVD_IRQHandler
                0x0000000008001fe0                EXTI3_IRQHandler
                0x0000000008001fe0                EXTI0_IRQHandler
                0x0000000008001fe0                I2C2_EV_IRQHandler
                0x0000000008001fe0                ADC1_2_IRQHandler
                0x0000000008001fe0                SPI1_IRQHandler
                0x0000000008001fe0                TAMPER_IRQHandler
                0x0000000008001fe0                DMA1_Channel4_IRQHandler
                0x0000000008001fe0                USART3_IRQHandler
                0x0000000008001fe0                RTC_IRQHandler
                0x0000000008001fe0                DMA1_Channel7_IRQHandler
                0x0000000008001fe0                CAN1_RX1_IRQHandler
                0x0000000008001fe0                TIM4_IRQHandler
                0x0000000008001fe0                I2C1_EV_IRQHandler
                0x0000000008001fe0                DMA1_Channel6_IRQHandler
                0x0000000008001fe0                TIM3_IRQHandler
                0x0000000008001fe0                RCC_IRQHandler
                0x0000000008001fe0                TIM1_TRG_COM_IRQHandler
                0x0000000008001fe0                DMA1_Channel1_IRQHandler
                0x0000000008001fe0                Default_Handler
                0x0000000008001fe0                EXTI15_10_IRQHandler
                0x0000000008001fe0                EXTI9_5_IRQHandler
                0x0000000008001fe0                SPI2_IRQHandler
                0x0000000008001fe0                DMA1_Channel5_IRQHandler
                0x0000000008001fe0                EXTI4_IRQHandler
                0x0000000008001fe0                USB_LP_CAN1_RX0_IRQHandler
                0x0000000008001fe0                USB_HP_CAN1_TX_IRQHandler
                0x0000000008001fe0                DMA1_Channel3_IRQHandler
                0x0000000008001fe0                TIM1_UP_IRQHandler
                0x0000000008001fe0                WWDG_IRQHandler
                0x0000000008001fe0                TIM1_BRK_IRQHandler
                0x0000000008001fe0                EXTI1_IRQHandler
                0x0000000008001fe0                USART2_IRQHandler
                0x0000000008001fe0                I2C2_ER_IRQHandler
                0x0000000008001fe0                DMA1_Channel2_IRQHandler
                0x0000000008001fe0                CAN1_SCE_IRQHandler
                0x0000000008001fe0                FLASH_IRQHandler
                0x0000000008001fe0                USART1_IRQHandler
                0x0000000008001fe0                I2C1_ER_IRQHandler
                0x0000000008001fe0                USBWakeUp_IRQHandler
 *fill*         0x0000000008001fe2        0x2 
 .text.HAL_Init
                0x0000000008001fe4       0x2c ./Drivers/STM32F1xx_HAL_Driver/Src/stm32f1xx_hal.o
                0x0000000008001fe4                HAL_Init
 .text.HAL_InitTick
                0x0000000008002010       0x60 ./Drivers/STM32F1xx_HAL_Driver/Src/stm32f1xx_hal.o
                0x0000000008002010                HAL_InitTick
 .text.HAL_IncTick
                0x0000000008002070       0x24 ./Drivers/STM32F1xx_HAL_Driver/Src/stm32f1xx_hal.o
                0x0000000008002070                HAL_IncTick
 .text.HAL_GetTick
                0x0000000008002094       0x14 ./Drivers/STM32F1xx_HAL_Driver/Src/stm32f1xx_hal.o
                0x0000000008002094                HAL_GetTick
 .text.__NVIC_SetPriorityGrouping
                0x00000000080020a8       0x48 ./Drivers/STM32F1xx_HAL_Driver/Src/stm32f1xx_hal_cortex.o
 .text.__NVIC_GetPriorityGrouping
                0x00000000080020f0       0x1c ./Drivers/STM32F1xx_HAL_Driver/Src/stm32f1xx_hal_cortex.o
 .text.__NVIC_EnableIRQ
                0x000000000800210c       0x38 ./Drivers/STM32F1xx_HAL_Driver/Src/stm32f1xx_hal_cortex.o
 .text.__NVIC_SetPriority
                0x0000000008002144       0x54 ./Drivers/STM32F1xx_HAL_Driver/Src/stm32f1xx_hal_cortex.o
 .text.NVIC_EncodePriority
                0x0000000008002198       0x64 ./Drivers/STM32F1xx_HAL_Driver/Src/stm32f1xx_hal_cortex.o
 .text.SysTick_Config
                0x00000000080021fc       0x44 ./Drivers/STM32F1xx_HAL_Driver/Src/stm32f1xx_hal_cortex.o
 .text.HAL_NVIC_SetPriorityGrouping
                0x0000000008002240       0x16 ./Drivers/STM32F1xx_HAL_Driver/Src/stm32f1xx_hal_cortex.o
                0x0000000008002240                HAL_NVIC_SetPriorityGrouping
 .text.HAL_NVIC_SetPriority
                0x0000000008002256       0x38 ./Drivers/STM32F1xx_HAL_Driver/Src/stm32f1xx_hal_cortex.o
                0x0000000008002256                HAL_NVIC_SetPriority
 .text.HAL_NVIC_EnableIRQ
                0x000000000800228e       0x1c ./Drivers/STM32F1xx_HAL_Driver/Src/stm32f1xx_hal_cortex.o
                0x000000000800228e                HAL_NVIC_EnableIRQ
 .text.HAL_SYSTICK_Config
                0x00000000080022aa       0x18 ./Drivers/STM32F1xx_HAL_Driver/Src/stm32f1xx_hal_cortex.o
                0x00000000080022aa                HAL_SYSTICK_Config
 *fill*         0x00000000080022c2        0x2 
 .text.HAL_GPIO_Init
                0x00000000080022c4      0x308 ./Drivers/STM32F1xx_HAL_Driver/Src/stm32f1xx_hal_gpio.o
                0x00000000080022c4                HAL_GPIO_Init
 .text.HAL_GPIO_ReadPin
                0x00000000080025cc       0x2e ./Drivers/STM32F1xx_HAL_Driver/Src/stm32f1xx_hal_gpio.o
                0x00000000080025cc                HAL_GPIO_ReadPin
 .text.HAL_GPIO_WritePin
                0x00000000080025fa       0x30 ./Drivers/STM32F1xx_HAL_Driver/Src/stm32f1xx_hal_gpio.o
                0x00000000080025fa                HAL_GPIO_WritePin
 *fill*         0x000000000800262a        0x2 
 .text.HAL_RCC_OscConfig
                0x000000000800262c      0x504 ./Drivers/STM32F1xx_HAL_Driver/Src/stm32f1xx_hal_rcc.o
                0x000000000800262c                HAL_RCC_OscConfig
 .text.HAL_RCC_ClockConfig
                0x0000000008002b30      0x1d4 ./Drivers/STM32F1xx_HAL_Driver/Src/stm32f1xx_hal_rcc.o
                0x0000000008002b30                HAL_RCC_ClockConfig
 .text.HAL_RCC_GetSysClockFreq
                0x0000000008002d04       0xbc ./Drivers/STM32F1xx_HAL_Driver/Src/stm32f1xx_hal_rcc.o
                0x0000000008002d04                HAL_RCC_GetSysClockFreq
 .text.RCC_Delay
                0x0000000008002dc0       0x3c ./Drivers/STM32F1xx_HAL_Driver/Src/stm32f1xx_hal_rcc.o
 .text.HAL_SPI_Init
                0x0000000008002dfc      0x108 ./Drivers/STM32F1xx_HAL_Driver/Src/stm32f1xx_hal_spi.o
                0x0000000008002dfc                HAL_SPI_Init
 .text.HAL_SPI_TransmitReceive
                0x0000000008002f04      0x344 ./Drivers/STM32F1xx_HAL_Driver/Src/stm32f1xx_hal_spi.o
                0x0000000008002f04                HAL_SPI_TransmitReceive
 .text.SPI_WaitFlagStateUntilTimeout
                0x0000000008003248      0x110 ./Drivers/STM32F1xx_HAL_Driver/Src/stm32f1xx_hal_spi.o
 .text.SPI_EndRxTxTransaction
                0x0000000008003358       0x3c ./Drivers/STM32F1xx_HAL_Driver/Src/stm32f1xx_hal_spi.o
 .text.HAL_TIM_Base_Init
                0x0000000008003394       0x9e ./Drivers/STM32F1xx_HAL_Driver/Src/stm32f1xx_hal_tim.o
                0x0000000008003394                HAL_TIM_Base_Init
 *fill*         0x0000000008003432        0x2 
 .text.HAL_TIM_Base_Start_IT
                0x0000000008003434       0xa4 ./Drivers/STM32F1xx_HAL_Driver/Src/stm32f1xx_hal_tim.o
                0x0000000008003434                HAL_TIM_Base_Start_IT
 .text.HAL_TIM_IRQHandler
                0x00000000080034d8      0x210 ./Drivers/STM32F1xx_HAL_Driver/Src/stm32f1xx_hal_tim.o
                0x00000000080034d8                HAL_TIM_IRQHandler
 .text.HAL_TIM_ConfigClockSource
                0x00000000080036e8      0x188 ./Drivers/STM32F1xx_HAL_Driver/Src/stm32f1xx_hal_tim.o
                0x00000000080036e8                HAL_TIM_ConfigClockSource
 .text.HAL_TIM_OC_DelayElapsedCallback
                0x0000000008003870       0x12 ./Drivers/STM32F1xx_HAL_Driver/Src/stm32f1xx_hal_tim.o
                0x0000000008003870                HAL_TIM_OC_DelayElapsedCallback
 .text.HAL_TIM_IC_CaptureCallback
                0x0000000008003882       0x12 ./Drivers/STM32F1xx_HAL_Driver/Src/stm32f1xx_hal_tim.o
                0x0000000008003882                HAL_TIM_IC_CaptureCallback
 .text.HAL_TIM_PWM_PulseFinishedCallback
                0x0000000008003894       0x12 ./Drivers/STM32F1xx_HAL_Driver/Src/stm32f1xx_hal_tim.o
                0x0000000008003894                HAL_TIM_PWM_PulseFinishedCallback
 .text.HAL_TIM_TriggerCallback
                0x00000000080038a6       0x12 ./Drivers/STM32F1xx_HAL_Driver/Src/stm32f1xx_hal_tim.o
                0x00000000080038a6                HAL_TIM_TriggerCallback
 .text.TIM_Base_SetConfig
                0x00000000080038b8       0xc4 ./Drivers/STM32F1xx_HAL_Driver/Src/stm32f1xx_hal_tim.o
                0x00000000080038b8                TIM_Base_SetConfig
 .text.TIM_TI1_ConfigInputStage
                0x000000000800397c       0x5c ./Drivers/STM32F1xx_HAL_Driver/Src/stm32f1xx_hal_tim.o
 .text.TIM_TI2_ConfigInputStage
                0x00000000080039d8       0x5e ./Drivers/STM32F1xx_HAL_Driver/Src/stm32f1xx_hal_tim.o
 .text.TIM_ITRx_SetConfig
                0x0000000008003a36       0x34 ./Drivers/STM32F1xx_HAL_Driver/Src/stm32f1xx_hal_tim.o
 .text.TIM_ETR_SetConfig
                0x0000000008003a6a       0x3e ./Drivers/STM32F1xx_HAL_Driver/Src/stm32f1xx_hal_tim.o
                0x0000000008003a6a                TIM_ETR_SetConfig
 .text.HAL_TIMEx_MasterConfigSynchronization
                0x0000000008003aa8       0xbc ./Drivers/STM32F1xx_HAL_Driver/Src/stm32f1xx_hal_tim_ex.o
                0x0000000008003aa8                HAL_TIMEx_MasterConfigSynchronization
 .text.HAL_TIMEx_CommutCallback
                0x0000000008003b64       0x12 ./Drivers/STM32F1xx_HAL_Driver/Src/stm32f1xx_hal_tim_ex.o
                0x0000000008003b64                HAL_TIMEx_CommutCallback
 .text.HAL_TIMEx_BreakCallback
                0x0000000008003b76       0x12 ./Drivers/STM32F1xx_HAL_Driver/Src/stm32f1xx_hal_tim_ex.o
                0x0000000008003b76                HAL_TIMEx_BreakCallback
 .text.__errno  0x0000000008003b88        0xc c:/st/stm32cubeide_1.7.0/stm32cubeide/plugins/com.st.stm32cube.ide.mcu.externaltools.gnu-tools-for-stm32.10.3-2021.10.win32_1.0.0.202111181127/tools/bin/../lib/gcc/arm-none-eabi/10.3.1/../../../../arm-none-eabi/lib/thumb/v7-m/nofp\libc_nano.a(lib_a-errno.o)
                0x0000000008003b88                __errno
 .text.__libc_init_array
                0x0000000008003b94       0x48 c:/st/stm32cubeide_1.7.0/stm32cubeide/plugins/com.st.stm32cube.ide.mcu.externaltools.gnu-tools-for-stm32.10.3-2021.10.win32_1.0.0.202111181127/tools/bin/../lib/gcc/arm-none-eabi/10.3.1/../../../../arm-none-eabi/lib/thumb/v7-m/nofp\libc_nano.a(lib_a-init.o)
                0x0000000008003b94                __libc_init_array
 .text.memset   0x0000000008003bdc       0x10 c:/st/stm32cubeide_1.7.0/stm32cubeide/plugins/com.st.stm32cube.ide.mcu.externaltools.gnu-tools-for-stm32.10.3-2021.10.win32_1.0.0.202111181127/tools/bin/../lib/gcc/arm-none-eabi/10.3.1/../../../../arm-none-eabi/lib/thumb/v7-m/nofp\libc_nano.a(lib_a-memset.o)
                0x0000000008003bdc                memset
 .text.pow      0x0000000008003bec       0xd0 c:/st/stm32cubeide_1.7.0/stm32cubeide/plugins/com.st.stm32cube.ide.mcu.externaltools.gnu-tools-for-stm32.10.3-2021.10.win32_1.0.0.202111181127/tools/bin/../lib/gcc/arm-none-eabi/10.3.1/../../../../arm-none-eabi/lib/thumb/v7-m/nofp\libm.a(lib_a-w_pow.o)
                0x0000000008003bec                pow
 *fill*         0x0000000008003cbc        0x4 
 .text.__ieee754_pow
                0x0000000008003cc0      0xa2c c:/st/stm32cubeide_1.7.0/stm32cubeide/plugins/com.st.stm32cube.ide.mcu.externaltools.gnu-tools-for-stm32.10.3-2021.10.win32_1.0.0.202111181127/tools/bin/../lib/gcc/arm-none-eabi/10.3.1/../../../../arm-none-eabi/lib/thumb/v7-m/nofp\libm.a(lib_a-e_pow.o)
                0x0000000008003cc0                __ieee754_pow
 .text.__ieee754_sqrt
                0x00000000080046ec      0x160 c:/st/stm32cubeide_1.7.0/stm32cubeide/plugins/com.st.stm32cube.ide.mcu.externaltools.gnu-tools-for-stm32.10.3-2021.10.win32_1.0.0.202111181127/tools/bin/../lib/gcc/arm-none-eabi/10.3.1/../../../../arm-none-eabi/lib/thumb/v7-m/nofp\libm.a(lib_a-e_sqrt.o)
                0x00000000080046ec                __ieee754_sqrt
 .text.with_errno
                0x000000000800484c       0x14 c:/st/stm32cubeide_1.7.0/stm32cubeide/plugins/com.st.stm32cube.ide.mcu.externaltools.gnu-tools-for-stm32.10.3-2021.10.win32_1.0.0.202111181127/tools/bin/../lib/gcc/arm-none-eabi/10.3.1/../../../../arm-none-eabi/lib/thumb/v7-m/nofp\libm.a(lib_a-math_err.o)
 .text.xflow    0x0000000008004860       0x30 c:/st/stm32cubeide_1.7.0/stm32cubeide/plugins/com.st.stm32cube.ide.mcu.externaltools.gnu-tools-for-stm32.10.3-2021.10.win32_1.0.0.202111181127/tools/bin/../lib/gcc/arm-none-eabi/10.3.1/../../../../arm-none-eabi/lib/thumb/v7-m/nofp\libm.a(lib_a-math_err.o)
 .text.__math_uflow
                0x0000000008004890        0xa c:/st/stm32cubeide_1.7.0/stm32cubeide/plugins/com.st.stm32cube.ide.mcu.externaltools.gnu-tools-for-stm32.10.3-2021.10.win32_1.0.0.202111181127/tools/bin/../lib/gcc/arm-none-eabi/10.3.1/../../../../arm-none-eabi/lib/thumb/v7-m/nofp\libm.a(lib_a-math_err.o)
                0x0000000008004890                __math_uflow
 .text.__math_oflow
                0x000000000800489a        0xa c:/st/stm32cubeide_1.7.0/stm32cubeide/plugins/com.st.stm32cube.ide.mcu.externaltools.gnu-tools-for-stm32.10.3-2021.10.win32_1.0.0.202111181127/tools/bin/../lib/gcc/arm-none-eabi/10.3.1/../../../../arm-none-eabi/lib/thumb/v7-m/nofp\libm.a(lib_a-math_err.o)
                0x000000000800489a                __math_oflow
 .text.fabs     0x00000000080048a4        0x6 c:/st/stm32cubeide_1.7.0/stm32cubeide/plugins/com.st.stm32cube.ide.mcu.externaltools.gnu-tools-for-stm32.10.3-2021.10.win32_1.0.0.202111181127/tools/bin/../lib/gcc/arm-none-eabi/10.3.1/../../../../arm-none-eabi/lib/thumb/v7-m/nofp\libm.a(lib_a-s_fabs.o)
                0x00000000080048a4                fabs
 .text.finite   0x00000000080048aa        0xc c:/st/stm32cubeide_1.7.0/stm32cubeide/plugins/com.st.stm32cube.ide.mcu.externaltools.gnu-tools-for-stm32.10.3-2021.10.win32_1.0.0.202111181127/tools/bin/../lib/gcc/arm-none-eabi/10.3.1/../../../../arm-none-eabi/lib/thumb/v7-m/nofp\libm.a(lib_a-s_finite.o)
                0x00000000080048aa                finite
 *fill*         0x00000000080048b6        0x2 
 .text.scalbn   0x00000000080048b8       0xfc c:/st/stm32cubeide_1.7.0/stm32cubeide/plugins/com.st.stm32cube.ide.mcu.externaltools.gnu-tools-for-stm32.10.3-2021.10.win32_1.0.0.202111181127/tools/bin/../lib/gcc/arm-none-eabi/10.3.1/../../../../arm-none-eabi/lib/thumb/v7-m/nofp\libm.a(lib_a-s_scalbn.o)
                0x00000000080048b8                scalbn
 *(.glue_7)
 .glue_7        0x00000000080049b4        0x0 linker stubs
 *(.glue_7t)
 .glue_7t       0x00000000080049b4        0x0 linker stubs
 *(.eh_frame)
 .eh_frame      0x00000000080049b4        0x0 c:/st/stm32cubeide_1.7.0/stm32cubeide/plugins/com.st.stm32cube.ide.mcu.externaltools.gnu-tools-for-stm32.10.3-2021.10.win32_1.0.0.202111181127/tools/bin/../lib/gcc/arm-none-eabi/10.3.1/thumb/v7-m/nofp/crtbegin.o
 *(.init)
 .init          0x00000000080049b4        0x4 c:/st/stm32cubeide_1.7.0/stm32cubeide/plugins/com.st.stm32cube.ide.mcu.externaltools.gnu-tools-for-stm32.10.3-2021.10.win32_1.0.0.202111181127/tools/bin/../lib/gcc/arm-none-eabi/10.3.1/thumb/v7-m/nofp/crti.o
                0x00000000080049b4                _init
 .init          0x00000000080049b8        0x8 c:/st/stm32cubeide_1.7.0/stm32cubeide/plugins/com.st.stm32cube.ide.mcu.externaltools.gnu-tools-for-stm32.10.3-2021.10.win32_1.0.0.202111181127/tools/bin/../lib/gcc/arm-none-eabi/10.3.1/thumb/v7-m/nofp/crtn.o
 *(.fini)
 .fini          0x00000000080049c0        0x4 c:/st/stm32cubeide_1.7.0/stm32cubeide/plugins/com.st.stm32cube.ide.mcu.externaltools.gnu-tools-for-stm32.10.3-2021.10.win32_1.0.0.202111181127/tools/bin/../lib/gcc/arm-none-eabi/10.3.1/thumb/v7-m/nofp/crti.o
                0x00000000080049c0                _fini
 .fini          0x00000000080049c4        0x8 c:/st/stm32cubeide_1.7.0/stm32cubeide/plugins/com.st.stm32cube.ide.mcu.externaltools.gnu-tools-for-stm32.10.3-2021.10.win32_1.0.0.202111181127/tools/bin/../lib/gcc/arm-none-eabi/10.3.1/thumb/v7-m/nofp/crtn.o
                0x00000000080049cc                . = ALIGN (0x4)
                0x00000000080049cc                _etext = .

.vfp11_veneer   0x00000000080049cc        0x0
 .vfp11_veneer  0x00000000080049cc        0x0 linker stubs

.v4_bx          0x00000000080049cc        0x0
 .v4_bx         0x00000000080049cc        0x0 linker stubs

.iplt           0x00000000080049cc        0x0
 .iplt          0x00000000080049cc        0x0 c:/st/stm32cubeide_1.7.0/stm32cubeide/plugins/com.st.stm32cube.ide.mcu.externaltools.gnu-tools-for-stm32.10.3-2021.10.win32_1.0.0.202111181127/tools/bin/../lib/gcc/arm-none-eabi/10.3.1/thumb/v7-m/nofp/crtbegin.o

.rodata         0x00000000080049d0       0x50
                0x00000000080049d0                . = ALIGN (0x4)
 *(.rodata)
 .rodata        0x00000000080049d0       0x10 ./Drivers/STM32F1xx_HAL_Driver/Src/stm32f1xx_hal_rcc.o
 *(.rodata*)
 .rodata.AHBPrescTable
                0x00000000080049e0       0x10 ./Core/Src/system_stm32f1xx.o
                0x00000000080049e0                AHBPrescTable
 .rodata.bp     0x00000000080049f0       0x10 c:/st/stm32cubeide_1.7.0/stm32cubeide/plugins/com.st.stm32cube.ide.mcu.externaltools.gnu-tools-for-stm32.10.3-2021.10.win32_1.0.0.202111181127/tools/bin/../lib/gcc/arm-none-eabi/10.3.1/../../../../arm-none-eabi/lib/thumb/v7-m/nofp\libm.a(lib_a-e_pow.o)
 .rodata.dp_h   0x0000000008004a00       0x10 c:/st/stm32cubeide_1.7.0/stm32cubeide/plugins/com.st.stm32cube.ide.mcu.externaltools.gnu-tools-for-stm32.10.3-2021.10.win32_1.0.0.202111181127/tools/bin/../lib/gcc/arm-none-eabi/10.3.1/../../../../arm-none-eabi/lib/thumb/v7-m/nofp\libm.a(lib_a-e_pow.o)
 .rodata.dp_l   0x0000000008004a10       0x10 c:/st/stm32cubeide_1.7.0/stm32cubeide/plugins/com.st.stm32cube.ide.mcu.externaltools.gnu-tools-for-stm32.10.3-2021.10.win32_1.0.0.202111181127/tools/bin/../lib/gcc/arm-none-eabi/10.3.1/../../../../arm-none-eabi/lib/thumb/v7-m/nofp\libm.a(lib_a-e_pow.o)
                0x0000000008004a20                . = ALIGN (0x4)

.rel.dyn        0x0000000008004a20        0x0
 .rel.iplt      0x0000000008004a20        0x0 c:/st/stm32cubeide_1.7.0/stm32cubeide/plugins/com.st.stm32cube.ide.mcu.externaltools.gnu-tools-for-stm32.10.3-2021.10.win32_1.0.0.202111181127/tools/bin/../lib/gcc/arm-none-eabi/10.3.1/thumb/v7-m/nofp/crtbegin.o

.ARM.extab      0x0000000008004a20        0x0
                0x0000000008004a20                . = ALIGN (0x4)
 *(.ARM.extab* .gnu.linkonce.armextab.*)
                0x0000000008004a20                . = ALIGN (0x4)

.ARM            0x0000000008004a20        0x0
                0x0000000008004a20                . = ALIGN (0x4)
                0x0000000008004a20                __exidx_start = .
 *(.ARM.exidx*)
                0x0000000008004a20                __exidx_end = .
                0x0000000008004a20                . = ALIGN (0x4)

.preinit_array  0x0000000008004a20        0x0
                0x0000000008004a20                . = ALIGN (0x4)
                0x0000000008004a20                PROVIDE (__preinit_array_start = .)
 *(.preinit_array*)
                0x0000000008004a20                PROVIDE (__preinit_array_end = .)
                0x0000000008004a20                . = ALIGN (0x4)

.init_array     0x0000000008004a20        0x4
                0x0000000008004a20                . = ALIGN (0x4)
                0x0000000008004a20                PROVIDE (__init_array_start = .)
 *(SORT_BY_NAME(.init_array.*))
 *(.init_array*)
 .init_array    0x0000000008004a20        0x4 c:/st/stm32cubeide_1.7.0/stm32cubeide/plugins/com.st.stm32cube.ide.mcu.externaltools.gnu-tools-for-stm32.10.3-2021.10.win32_1.0.0.202111181127/tools/bin/../lib/gcc/arm-none-eabi/10.3.1/thumb/v7-m/nofp/crtbegin.o
                0x0000000008004a24                PROVIDE (__init_array_end = .)
                0x0000000008004a24                . = ALIGN (0x4)

.fini_array     0x0000000008004a24        0x4
                0x0000000008004a24                . = ALIGN (0x4)
                [!provide]                        PROVIDE (__fini_array_start = .)
 *(SORT_BY_NAME(.fini_array.*))
 *(.fini_array*)
 .fini_array    0x0000000008004a24        0x4 c:/st/stm32cubeide_1.7.0/stm32cubeide/plugins/com.st.stm32cube.ide.mcu.externaltools.gnu-tools-for-stm32.10.3-2021.10.win32_1.0.0.202111181127/tools/bin/../lib/gcc/arm-none-eabi/10.3.1/thumb/v7-m/nofp/crtbegin.o
                [!provide]                        PROVIDE (__fini_array_end = .)
                0x0000000008004a28                . = ALIGN (0x4)
                0x0000000008004a28                _sidata = LOADADDR (.data)

.data           0x0000000020000000       0x70 load address 0x0000000008004a28
                0x0000000020000000                . = ALIGN (0x4)
                0x0000000020000000                _sdata = .
 *(.data)
 *(.data*)
 .data.SystemCoreClock
                0x0000000020000000        0x4 ./Core/Src/system_stm32f1xx.o
                0x0000000020000000                SystemCoreClock
 .data.uwTickPrio
                0x0000000020000004        0x4 ./Drivers/STM32F1xx_HAL_Driver/Src/stm32f1xx_hal.o
                0x0000000020000004                uwTickPrio
 .data.uwTickFreq
                0x0000000020000008        0x1 ./Drivers/STM32F1xx_HAL_Driver/Src/stm32f1xx_hal.o
                0x0000000020000008                uwTickFreq
 *fill*         0x0000000020000009        0x3 
 .data._impure_ptr
                0x000000002000000c        0x4 c:/st/stm32cubeide_1.7.0/stm32cubeide/plugins/com.st.stm32cube.ide.mcu.externaltools.gnu-tools-for-stm32.10.3-2021.10.win32_1.0.0.202111181127/tools/bin/../lib/gcc/arm-none-eabi/10.3.1/../../../../arm-none-eabi/lib/thumb/v7-m/nofp\libc_nano.a(lib_a-impure.o)
                0x000000002000000c                _impure_ptr
 .data.impure_data
                0x0000000020000010       0x60 c:/st/stm32cubeide_1.7.0/stm32cubeide/plugins/com.st.stm32cube.ide.mcu.externaltools.gnu-tools-for-stm32.10.3-2021.10.win32_1.0.0.202111181127/tools/bin/../lib/gcc/arm-none-eabi/10.3.1/../../../../arm-none-eabi/lib/thumb/v7-m/nofp\libc_nano.a(lib_a-impure.o)
 *(.RamFunc)
 *(.RamFunc*)
                0x0000000020000070                . = ALIGN (0x4)
                0x0000000020000070                _edata = .

.igot.plt       0x0000000020000070        0x0 load address 0x0000000008004a98
 .igot.plt      0x0000000020000070        0x0 c:/st/stm32cubeide_1.7.0/stm32cubeide/plugins/com.st.stm32cube.ide.mcu.externaltools.gnu-tools-for-stm32.10.3-2021.10.win32_1.0.0.202111181127/tools/bin/../lib/gcc/arm-none-eabi/10.3.1/thumb/v7-m/nofp/crtbegin.o
                0x0000000020000070                . = ALIGN (0x4)

.bss            0x0000000020000070      0x3c8 load address 0x0000000008004a98
                0x0000000020000070                _sbss = .
                0x0000000020000070                __bss_start__ = _sbss
 *(.bss)
 .bss           0x0000000020000070       0x1c c:/st/stm32cubeide_1.7.0/stm32cubeide/plugins/com.st.stm32cube.ide.mcu.externaltools.gnu-tools-for-stm32.10.3-2021.10.win32_1.0.0.202111181127/tools/bin/../lib/gcc/arm-none-eabi/10.3.1/thumb/v7-m/nofp/crtbegin.o
 *(.bss*)
 .bss.led_status
                0x000000002000008c        0x4 ./Core/Src/blinking_led.o
                0x000000002000008c                led_status
 .bss.buttonBuffer
                0x0000000020000090        0x4 ./Core/Src/button.o
 .bss.debounceButtonBuffer1
                0x0000000020000094        0x4 ./Core/Src/button.o
 .bss.debounceButtonBuffer2
                0x0000000020000098        0x4 ./Core/Src/button.o
 .bss.debounceButtonBuffer3
                0x000000002000009c        0x4 ./Core/Src/button.o
 .bss.flagForButtonPress
                0x00000000200000a0       0x10 ./Core/Src/button.o
                0x00000000200000a0                flagForButtonPress
 .bss.flagForButtonPress3s
                0x00000000200000b0       0x10 ./Core/Src/button.o
                0x00000000200000b0                flagForButtonPress3s
 .bss.flagForButtonDoublePress
                0x00000000200000c0       0x10 ./Core/Src/button.o
                0x00000000200000c0                flagForButtonDoublePress
 .bss.counterForButtonPress3s
                0x00000000200000d0       0x10 ./Core/Src/button.o
                0x00000000200000d0                counterForButtonPress3s
 .bss.flagForPressed
                0x00000000200000e0        0x4 ./Core/Src/button.o
                0x00000000200000e0                flagForPressed
 .bss.state     0x00000000200000e4        0x4 ./Core/Src/fsm.o
                0x00000000200000e4                state
 .bss.CARD_BUF  0x00000000200000e8        0x5 ./Core/Src/global.o
                0x00000000200000e8                CARD_BUF
 *fill*         0x00000000200000ed        0x3 
 .bss.hspi1     0x00000000200000f0       0x58 ./Core/Src/main.o
                0x00000000200000f0                hspi1
 .bss.htim2     0x0000000020000148       0x48 ./Core/Src/main.o
                0x0000000020000148                htim2
 .bss.admin     0x0000000020000190        0x6 ./Core/Src/memory_struct.o
                0x0000000020000190                admin
 *fill*         0x0000000020000196        0x2 
 .bss.array     0x0000000020000198      0x258 ./Core/Src/memory_struct.o
                0x0000000020000198                array
 .bss.counter   0x00000000200003f0        0x4 ./Core/Src/memory_struct.o
                0x00000000200003f0                counter
 .bss.timer1_flag
                0x00000000200003f4        0x4 ./Core/Src/software_timer.o
                0x00000000200003f4                timer1_flag
 .bss.timer1_counter
                0x00000000200003f8        0x4 ./Core/Src/software_timer.o
                0x00000000200003f8                timer1_counter
 .bss.timer2_flag
                0x00000000200003fc        0x4 ./Core/Src/software_timer.o
                0x00000000200003fc                timer2_flag
 .bss.timer2_counter
                0x0000000020000400        0x4 ./Core/Src/software_timer.o
                0x0000000020000400                timer2_counter
 .bss.timer3_flag
                0x0000000020000404        0x4 ./Core/Src/software_timer.o
                0x0000000020000404                timer3_flag
 .bss.timer3_counter
                0x0000000020000408        0x4 ./Core/Src/software_timer.o
                0x0000000020000408                timer3_counter
 .bss.timer4_flag
                0x000000002000040c        0x4 ./Core/Src/software_timer.o
                0x000000002000040c                timer4_flag
 .bss.timer4_counter
                0x0000000020000410        0x4 ./Core/Src/software_timer.o
                0x0000000020000410                timer4_counter
 .bss.timer5_flag
                0x0000000020000414        0x4 ./Core/Src/software_timer.o
                0x0000000020000414                timer5_flag
 .bss.timer5_counter
                0x0000000020000418        0x4 ./Core/Src/software_timer.o
                0x0000000020000418                timer5_counter
 .bss.timer6_flag
                0x000000002000041c        0x4 ./Core/Src/software_timer.o
                0x000000002000041c                timer6_flag
 .bss.timer6_counter
                0x0000000020000420        0x4 ./Core/Src/software_timer.o
                0x0000000020000420                timer6_counter
 .bss.timer7_flag
                0x0000000020000424        0x4 ./Core/Src/software_timer.o
                0x0000000020000424                timer7_flag
 .bss.timer7_counter
                0x0000000020000428        0x4 ./Core/Src/software_timer.o
                0x0000000020000428                timer7_counter
 .bss.timer8_flag
                0x000000002000042c        0x4 ./Core/Src/software_timer.o
                0x000000002000042c                timer8_flag
 .bss.timer8_counter
                0x0000000020000430        0x4 ./Core/Src/software_timer.o
                0x0000000020000430                timer8_counter
 .bss.uwTick    0x0000000020000434        0x4 ./Drivers/STM32F1xx_HAL_Driver/Src/stm32f1xx_hal.o
                0x0000000020000434                uwTick
 *(COMMON)
                0x0000000020000438                . = ALIGN (0x4)
                0x0000000020000438                _ebss = .
                0x0000000020000438                __bss_end__ = _ebss

._user_heap_stack
                0x0000000020000438      0x600 load address 0x0000000008004a98
                0x0000000020000438                . = ALIGN (0x8)
                [!provide]                        PROVIDE (end = .)
                0x0000000020000438                PROVIDE (_end = .)
                0x0000000020000638                . = (. + _Min_Heap_Size)
 *fill*         0x0000000020000438      0x200 
                0x0000000020000a38                . = (. + _Min_Stack_Size)
 *fill*         0x0000000020000638      0x400 
                0x0000000020000a38                . = ALIGN (0x8)

/DISCARD/
 libc.a(*)
 libm.a(*)
 libgcc.a(*)

.ARM.attributes
                0x0000000000000000       0x29
 *(.ARM.attributes)
 .ARM.attributes
                0x0000000000000000       0x1d c:/st/stm32cubeide_1.7.0/stm32cubeide/plugins/com.st.stm32cube.ide.mcu.externaltools.gnu-tools-for-stm32.10.3-2021.10.win32_1.0.0.202111181127/tools/bin/../lib/gcc/arm-none-eabi/10.3.1/thumb/v7-m/nofp/crti.o
 .ARM.attributes
                0x000000000000001d       0x2d c:/st/stm32cubeide_1.7.0/stm32cubeide/plugins/com.st.stm32cube.ide.mcu.externaltools.gnu-tools-for-stm32.10.3-2021.10.win32_1.0.0.202111181127/tools/bin/../lib/gcc/arm-none-eabi/10.3.1/thumb/v7-m/nofp/crtbegin.o
 .ARM.attributes
                0x000000000000004a       0x2d ./Core/Src/blinking_led.o
 .ARM.attributes
                0x0000000000000077       0x2d ./Core/Src/button.o
 .ARM.attributes
                0x00000000000000a4       0x2d ./Core/Src/fsm.o
 .ARM.attributes
                0x00000000000000d1       0x2d ./Core/Src/global.o
 .ARM.attributes
                0x00000000000000fe       0x2d ./Core/Src/main.o
 .ARM.attributes
                0x000000000000012b       0x2d ./Core/Src/memory_struct.o
 .ARM.attributes
                0x0000000000000158       0x2d ./Core/Src/software_timer.o
 .ARM.attributes
                0x0000000000000185       0x2d ./Core/Src/stm32f1xx_hal_msp.o
 .ARM.attributes
                0x00000000000001b2       0x2d ./Core/Src/stm32f1xx_it.o
 .ARM.attributes
                0x00000000000001df       0x2d ./Core/Src/system_stm32f1xx.o
 .ARM.attributes
                0x000000000000020c       0x21 ./Core/Startup/startup_stm32f103c8tx.o
 .ARM.attributes
                0x000000000000022d       0x2d ./Drivers/STM32F1xx_HAL_Driver/Src/stm32f1xx_hal.o
 .ARM.attributes
                0x000000000000025a       0x2d ./Drivers/STM32F1xx_HAL_Driver/Src/stm32f1xx_hal_cortex.o
 .ARM.attributes
                0x0000000000000287       0x2d ./Drivers/STM32F1xx_HAL_Driver/Src/stm32f1xx_hal_gpio.o
 .ARM.attributes
                0x00000000000002b4       0x2d ./Drivers/STM32F1xx_HAL_Driver/Src/stm32f1xx_hal_rcc.o
 .ARM.attributes
                0x00000000000002e1       0x2d ./Drivers/STM32F1xx_HAL_Driver/Src/stm32f1xx_hal_spi.o
 .ARM.attributes
                0x000000000000030e       0x2d ./Drivers/STM32F1xx_HAL_Driver/Src/stm32f1xx_hal_tim.o
 .ARM.attributes
                0x000000000000033b       0x2d ./Drivers/STM32F1xx_HAL_Driver/Src/stm32f1xx_hal_tim_ex.o
 .ARM.attributes
                0x0000000000000368       0x2d c:/st/stm32cubeide_1.7.0/stm32cubeide/plugins/com.st.stm32cube.ide.mcu.externaltools.gnu-tools-for-stm32.10.3-2021.10.win32_1.0.0.202111181127/tools/bin/../lib/gcc/arm-none-eabi/10.3.1/../../../../arm-none-eabi/lib/thumb/v7-m/nofp\libc_nano.a(lib_a-errno.o)
 .ARM.attributes
                0x0000000000000395       0x2d c:/st/stm32cubeide_1.7.0/stm32cubeide/plugins/com.st.stm32cube.ide.mcu.externaltools.gnu-tools-for-stm32.10.3-2021.10.win32_1.0.0.202111181127/tools/bin/../lib/gcc/arm-none-eabi/10.3.1/../../../../arm-none-eabi/lib/thumb/v7-m/nofp\libc_nano.a(lib_a-impure.o)
 .ARM.attributes
                0x00000000000003c2       0x2d c:/st/stm32cubeide_1.7.0/stm32cubeide/plugins/com.st.stm32cube.ide.mcu.externaltools.gnu-tools-for-stm32.10.3-2021.10.win32_1.0.0.202111181127/tools/bin/../lib/gcc/arm-none-eabi/10.3.1/../../../../arm-none-eabi/lib/thumb/v7-m/nofp\libc_nano.a(lib_a-init.o)
 .ARM.attributes
                0x00000000000003ef       0x2d c:/st/stm32cubeide_1.7.0/stm32cubeide/plugins/com.st.stm32cube.ide.mcu.externaltools.gnu-tools-for-stm32.10.3-2021.10.win32_1.0.0.202111181127/tools/bin/../lib/gcc/arm-none-eabi/10.3.1/../../../../arm-none-eabi/lib/thumb/v7-m/nofp\libc_nano.a(lib_a-memset.o)
 .ARM.attributes
                0x000000000000041c       0x2d c:/st/stm32cubeide_1.7.0/stm32cubeide/plugins/com.st.stm32cube.ide.mcu.externaltools.gnu-tools-for-stm32.10.3-2021.10.win32_1.0.0.202111181127/tools/bin/../lib/gcc/arm-none-eabi/10.3.1/../../../../arm-none-eabi/lib/thumb/v7-m/nofp\libm.a(lib_a-w_pow.o)
 .ARM.attributes
                0x0000000000000449       0x2d c:/st/stm32cubeide_1.7.0/stm32cubeide/plugins/com.st.stm32cube.ide.mcu.externaltools.gnu-tools-for-stm32.10.3-2021.10.win32_1.0.0.202111181127/tools/bin/../lib/gcc/arm-none-eabi/10.3.1/../../../../arm-none-eabi/lib/thumb/v7-m/nofp\libm.a(lib_a-e_pow.o)
 .ARM.attributes
                0x0000000000000476       0x2d c:/st/stm32cubeide_1.7.0/stm32cubeide/plugins/com.st.stm32cube.ide.mcu.externaltools.gnu-tools-for-stm32.10.3-2021.10.win32_1.0.0.202111181127/tools/bin/../lib/gcc/arm-none-eabi/10.3.1/../../../../arm-none-eabi/lib/thumb/v7-m/nofp\libm.a(lib_a-e_sqrt.o)
 .ARM.attributes
                0x00000000000004a3       0x2d c:/st/stm32cubeide_1.7.0/stm32cubeide/plugins/com.st.stm32cube.ide.mcu.externaltools.gnu-tools-for-stm32.10.3-2021.10.win32_1.0.0.202111181127/tools/bin/../lib/gcc/arm-none-eabi/10.3.1/../../../../arm-none-eabi/lib/thumb/v7-m/nofp\libm.a(lib_a-math_err.o)
 .ARM.attributes
                0x00000000000004d0       0x2d c:/st/stm32cubeide_1.7.0/stm32cubeide/plugins/com.st.stm32cube.ide.mcu.externaltools.gnu-tools-for-stm32.10.3-2021.10.win32_1.0.0.202111181127/tools/bin/../lib/gcc/arm-none-eabi/10.3.1/../../../../arm-none-eabi/lib/thumb/v7-m/nofp\libm.a(lib_a-s_fabs.o)
 .ARM.attributes
                0x00000000000004fd       0x2d c:/st/stm32cubeide_1.7.0/stm32cubeide/plugins/com.st.stm32cube.ide.mcu.externaltools.gnu-tools-for-stm32.10.3-2021.10.win32_1.0.0.202111181127/tools/bin/../lib/gcc/arm-none-eabi/10.3.1/../../../../arm-none-eabi/lib/thumb/v7-m/nofp\libm.a(lib_a-s_finite.o)
 .ARM.attributes
                0x000000000000052a       0x2d c:/st/stm32cubeide_1.7.0/stm32cubeide/plugins/com.st.stm32cube.ide.mcu.externaltools.gnu-tools-for-stm32.10.3-2021.10.win32_1.0.0.202111181127/tools/bin/../lib/gcc/arm-none-eabi/10.3.1/../../../../arm-none-eabi/lib/thumb/v7-m/nofp\libm.a(lib_a-s_scalbn.o)
 .ARM.attributes
                0x0000000000000557       0x1d c:/st/stm32cubeide_1.7.0/stm32cubeide/plugins/com.st.stm32cube.ide.mcu.externaltools.gnu-tools-for-stm32.10.3-2021.10.win32_1.0.0.202111181127/tools/bin/../lib/gcc/arm-none-eabi/10.3.1/thumb/v7-m/nofp\libgcc.a(_arm_addsubdf3.o)
 .ARM.attributes
                0x0000000000000574       0x1d c:/st/stm32cubeide_1.7.0/stm32cubeide/plugins/com.st.stm32cube.ide.mcu.externaltools.gnu-tools-for-stm32.10.3-2021.10.win32_1.0.0.202111181127/tools/bin/../lib/gcc/arm-none-eabi/10.3.1/thumb/v7-m/nofp\libgcc.a(_arm_muldivdf3.o)
 .ARM.attributes
                0x0000000000000591       0x1d c:/st/stm32cubeide_1.7.0/stm32cubeide/plugins/com.st.stm32cube.ide.mcu.externaltools.gnu-tools-for-stm32.10.3-2021.10.win32_1.0.0.202111181127/tools/bin/../lib/gcc/arm-none-eabi/10.3.1/thumb/v7-m/nofp\libgcc.a(_arm_cmpdf2.o)
 .ARM.attributes
                0x00000000000005ae       0x1d c:/st/stm32cubeide_1.7.0/stm32cubeide/plugins/com.st.stm32cube.ide.mcu.externaltools.gnu-tools-for-stm32.10.3-2021.10.win32_1.0.0.202111181127/tools/bin/../lib/gcc/arm-none-eabi/10.3.1/thumb/v7-m/nofp\libgcc.a(_arm_unorddf2.o)
 .ARM.attributes
                0x00000000000005cb       0x1d c:/st/stm32cubeide_1.7.0/stm32cubeide/plugins/com.st.stm32cube.ide.mcu.externaltools.gnu-tools-for-stm32.10.3-2021.10.win32_1.0.0.202111181127/tools/bin/../lib/gcc/arm-none-eabi/10.3.1/thumb/v7-m/nofp\libgcc.a(_arm_fixunsdfsi.o)
 .ARM.attributes
                0x00000000000005e8       0x1d c:/st/stm32cubeide_1.7.0/stm32cubeide/plugins/com.st.stm32cube.ide.mcu.externaltools.gnu-tools-for-stm32.10.3-2021.10.win32_1.0.0.202111181127/tools/bin/../lib/gcc/arm-none-eabi/10.3.1/thumb/v7-m/nofp/crtn.o
OUTPUT(check_rc522.elf elf32-littlearm)
LOAD linker stubs
LOAD c:/st/stm32cubeide_1.7.0/stm32cubeide/plugins/com.st.stm32cube.ide.mcu.externaltools.gnu-tools-for-stm32.10.3-2021.10.win32_1.0.0.202111181127/tools/bin/../lib/gcc/arm-none-eabi/10.3.1/../../../../arm-none-eabi/lib/thumb/v7-m/nofp\libc.a
LOAD c:/st/stm32cubeide_1.7.0/stm32cubeide/plugins/com.st.stm32cube.ide.mcu.externaltools.gnu-tools-for-stm32.10.3-2021.10.win32_1.0.0.202111181127/tools/bin/../lib/gcc/arm-none-eabi/10.3.1/../../../../arm-none-eabi/lib/thumb/v7-m/nofp\libm.a
LOAD c:/st/stm32cubeide_1.7.0/stm32cubeide/plugins/com.st.stm32cube.ide.mcu.externaltools.gnu-tools-for-stm32.10.3-2021.10.win32_1.0.0.202111181127/tools/bin/../lib/gcc/arm-none-eabi/10.3.1/thumb/v7-m/nofp\libgcc.a

.debug_info     0x0000000000000000     0xb3e8
 .debug_info    0x0000000000000000      0x1c1 ./Core/Src/blinking_led.o
 .debug_info    0x00000000000001c1      0x2f6 ./Core/Src/button.o
 .debug_info    0x00000000000004b7      0x364 ./Core/Src/fsm.o
 .debug_info    0x000000000000081b       0xb1 ./Core/Src/global.o
 .debug_info    0x00000000000008cc     0x1733 ./Core/Src/main.o
 .debug_info    0x0000000000001fff      0x36f ./Core/Src/memory_struct.o
 .debug_info    0x000000000000236e      0x355 ./Core/Src/software_timer.o
 .debug_info    0x00000000000026c3      0xdca ./Core/Src/stm32f1xx_hal_msp.o
 .debug_info    0x000000000000348d      0x6ea ./Core/Src/stm32f1xx_it.o
 .debug_info    0x0000000000003b77      0x23d ./Core/Src/system_stm32f1xx.o
 .debug_info    0x0000000000003db4       0x22 ./Core/Startup/startup_stm32f103c8tx.o
 .debug_info    0x0000000000003dd6      0x734 ./Drivers/STM32F1xx_HAL_Driver/Src/stm32f1xx_hal.o
 .debug_info    0x000000000000450a      0xb20 ./Drivers/STM32F1xx_HAL_Driver/Src/stm32f1xx_hal_cortex.o
 .debug_info    0x000000000000502a      0x615 ./Drivers/STM32F1xx_HAL_Driver/Src/stm32f1xx_hal_gpio.o
 .debug_info    0x000000000000563f      0x860 ./Drivers/STM32F1xx_HAL_Driver/Src/stm32f1xx_hal_rcc.o
 .debug_info    0x0000000000005e9f     0x1658 ./Drivers/STM32F1xx_HAL_Driver/Src/stm32f1xx_hal_spi.o
 .debug_info    0x00000000000074f7     0x29de ./Drivers/STM32F1xx_HAL_Driver/Src/stm32f1xx_hal_tim.o
 .debug_info    0x0000000000009ed5     0x1513 ./Drivers/STM32F1xx_HAL_Driver/Src/stm32f1xx_hal_tim_ex.o

.debug_abbrev   0x0000000000000000     0x1f7f
 .debug_abbrev  0x0000000000000000      0x115 ./Core/Src/blinking_led.o
 .debug_abbrev  0x0000000000000115      0x198 ./Core/Src/button.o
 .debug_abbrev  0x00000000000002ad      0x173 ./Core/Src/fsm.o
 .debug_abbrev  0x0000000000000420       0x6c ./Core/Src/global.o
 .debug_abbrev  0x000000000000048c      0x3b3 ./Core/Src/main.o
 .debug_abbrev  0x000000000000083f      0x181 ./Core/Src/memory_struct.o
 .debug_abbrev  0x00000000000009c0       0xae ./Core/Src/software_timer.o
 .debug_abbrev  0x0000000000000a6e      0x1c5 ./Core/Src/stm32f1xx_hal_msp.o
 .debug_abbrev  0x0000000000000c33      0x184 ./Core/Src/stm32f1xx_it.o
 .debug_abbrev  0x0000000000000db7      0x13b ./Core/Src/system_stm32f1xx.o
 .debug_abbrev  0x0000000000000ef2       0x12 ./Core/Startup/startup_stm32f103c8tx.o
 .debug_abbrev  0x0000000000000f04      0x1fb ./Drivers/STM32F1xx_HAL_Driver/Src/stm32f1xx_hal.o
 .debug_abbrev  0x00000000000010ff      0x2ed ./Drivers/STM32F1xx_HAL_Driver/Src/stm32f1xx_hal_cortex.o
 .debug_abbrev  0x00000000000013ec      0x1bb ./Drivers/STM32F1xx_HAL_Driver/Src/stm32f1xx_hal_gpio.o
 .debug_abbrev  0x00000000000015a7      0x2a8 ./Drivers/STM32F1xx_HAL_Driver/Src/stm32f1xx_hal_rcc.o
 .debug_abbrev  0x000000000000184f      0x26e ./Drivers/STM32F1xx_HAL_Driver/Src/stm32f1xx_hal_spi.o
 .debug_abbrev  0x0000000000001abd      0x25d ./Drivers/STM32F1xx_HAL_Driver/Src/stm32f1xx_hal_tim.o
 .debug_abbrev  0x0000000000001d1a      0x265 ./Drivers/STM32F1xx_HAL_Driver/Src/stm32f1xx_hal_tim_ex.o

.debug_aranges  0x0000000000000000      0xd28
 .debug_aranges
                0x0000000000000000       0x20 ./Core/Src/blinking_led.o
 .debug_aranges
                0x0000000000000020       0x28 ./Core/Src/button.o
 .debug_aranges
                0x0000000000000048       0x28 ./Core/Src/fsm.o
 .debug_aranges
                0x0000000000000070       0x18 ./Core/Src/global.o
 .debug_aranges
                0x0000000000000088      0x108 ./Core/Src/main.o
 .debug_aranges
                0x0000000000000190       0x70 ./Core/Src/memory_struct.o
 .debug_aranges
                0x0000000000000200       0x60 ./Core/Src/software_timer.o
 .debug_aranges
                0x0000000000000260       0x40 ./Core/Src/stm32f1xx_hal_msp.o
 .debug_aranges
                0x00000000000002a0       0x68 ./Core/Src/stm32f1xx_it.o
 .debug_aranges
                0x0000000000000308       0x28 ./Core/Src/system_stm32f1xx.o
 .debug_aranges
                0x0000000000000330       0x28 ./Core/Startup/startup_stm32f103c8tx.o
 .debug_aranges
                0x0000000000000358       0xe0 ./Drivers/STM32F1xx_HAL_Driver/Src/stm32f1xx_hal.o
 .debug_aranges
                0x0000000000000438      0x100 ./Drivers/STM32F1xx_HAL_Driver/Src/stm32f1xx_hal_cortex.o
 .debug_aranges
                0x0000000000000538       0x58 ./Drivers/STM32F1xx_HAL_Driver/Src/stm32f1xx_hal_gpio.o
 .debug_aranges
                0x0000000000000590       0x90 ./Drivers/STM32F1xx_HAL_Driver/Src/stm32f1xx_hal_rcc.o
 .debug_aranges
                0x0000000000000620      0x1d0 ./Drivers/STM32F1xx_HAL_Driver/Src/stm32f1xx_hal_spi.o
 .debug_aranges
                0x00000000000007f0      0x3d0 ./Drivers/STM32F1xx_HAL_Driver/Src/stm32f1xx_hal_tim.o
 .debug_aranges
                0x0000000000000bc0      0x168 ./Drivers/STM32F1xx_HAL_Driver/Src/stm32f1xx_hal_tim_ex.o

.debug_ranges   0x0000000000000000      0xc08
 .debug_ranges  0x0000000000000000       0x10 ./Core/Src/blinking_led.o
 .debug_ranges  0x0000000000000010       0x18 ./Core/Src/button.o
 .debug_ranges  0x0000000000000028       0x18 ./Core/Src/fsm.o
 .debug_ranges  0x0000000000000040       0xf8 ./Core/Src/main.o
 .debug_ranges  0x0000000000000138       0x60 ./Core/Src/memory_struct.o
 .debug_ranges  0x0000000000000198       0x50 ./Core/Src/software_timer.o
 .debug_ranges  0x00000000000001e8       0x30 ./Core/Src/stm32f1xx_hal_msp.o
 .debug_ranges  0x0000000000000218       0x58 ./Core/Src/stm32f1xx_it.o
 .debug_ranges  0x0000000000000270       0x18 ./Core/Src/system_stm32f1xx.o
 .debug_ranges  0x0000000000000288       0x20 ./Core/Startup/startup_stm32f103c8tx.o
 .debug_ranges  0x00000000000002a8       0xd0 ./Drivers/STM32F1xx_HAL_Driver/Src/stm32f1xx_hal.o
 .debug_ranges  0x0000000000000378       0xf0 ./Drivers/STM32F1xx_HAL_Driver/Src/stm32f1xx_hal_cortex.o
 .debug_ranges  0x0000000000000468       0x48 ./Drivers/STM32F1xx_HAL_Driver/Src/stm32f1xx_hal_gpio.o
 .debug_ranges  0x00000000000004b0       0x80 ./Drivers/STM32F1xx_HAL_Driver/Src/stm32f1xx_hal_rcc.o
 .debug_ranges  0x0000000000000530      0x1c0 ./Drivers/STM32F1xx_HAL_Driver/Src/stm32f1xx_hal_spi.o
 .debug_ranges  0x00000000000006f0      0x3c0 ./Drivers/STM32F1xx_HAL_Driver/Src/stm32f1xx_hal_tim.o
 .debug_ranges  0x0000000000000ab0      0x158 ./Drivers/STM32F1xx_HAL_Driver/Src/stm32f1xx_hal_tim_ex.o

.debug_macro    0x0000000000000000    0x18cfe
 .debug_macro   0x0000000000000000      0x1c6 ./Core/Src/blinking_led.o
 .debug_macro   0x00000000000001c6      0xa6c ./Core/Src/blinking_led.o
 .debug_macro   0x0000000000000c32      0x21b ./Core/Src/blinking_led.o
 .debug_macro   0x0000000000000e4d       0x2e ./Core/Src/blinking_led.o
 .debug_macro   0x0000000000000e7b       0x22 ./Core/Src/blinking_led.o
 .debug_macro   0x0000000000000e9d       0x22 ./Core/Src/blinking_led.o
 .debug_macro   0x0000000000000ebf       0x8e ./Core/Src/blinking_led.o
 .debug_macro   0x0000000000000f4d       0x51 ./Core/Src/blinking_led.o
 .debug_macro   0x0000000000000f9e      0x103 ./Core/Src/blinking_led.o
 .debug_macro   0x00000000000010a1       0x6a ./Core/Src/blinking_led.o
 .debug_macro   0x000000000000110b      0x1df ./Core/Src/blinking_led.o
 .debug_macro   0x00000000000012ea       0x1c ./Core/Src/blinking_led.o
 .debug_macro   0x0000000000001306       0x22 ./Core/Src/blinking_led.o
 .debug_macro   0x0000000000001328       0xbd ./Core/Src/blinking_led.o
 .debug_macro   0x00000000000013e5      0xd23 ./Core/Src/blinking_led.o
 .debug_macro   0x0000000000002108     0xe09e ./Core/Src/blinking_led.o
 .debug_macro   0x00000000000101a6       0x6d ./Core/Src/blinking_led.o
 .debug_macro   0x0000000000010213     0x3468 ./Core/Src/blinking_led.o
 .debug_macro   0x000000000001367b      0x174 ./Core/Src/blinking_led.o
 .debug_macro   0x00000000000137ef       0x5c ./Core/Src/blinking_led.o
 .debug_macro   0x000000000001384b      0x5be ./Core/Src/blinking_led.o
 .debug_macro   0x0000000000013e09      0x289 ./Core/Src/blinking_led.o
 .debug_macro   0x0000000000014092      0x1cb ./Core/Src/blinking_led.o
 .debug_macro   0x000000000001425d      0x114 ./Core/Src/blinking_led.o
 .debug_macro   0x0000000000014371      0x1b2 ./Core/Src/blinking_led.o
 .debug_macro   0x0000000000014523       0x27 ./Core/Src/blinking_led.o
 .debug_macro   0x000000000001454a      0x136 ./Core/Src/blinking_led.o
 .debug_macro   0x0000000000014680      0x1bc ./Core/Src/blinking_led.o
 .debug_macro   0x000000000001483c       0x34 ./Core/Src/blinking_led.o
 .debug_macro   0x0000000000014870       0x3c ./Core/Src/blinking_led.o
 .debug_macro   0x00000000000148ac       0x57 ./Core/Src/blinking_led.o
 .debug_macro   0x0000000000014903       0x88 ./Core/Src/blinking_led.o
 .debug_macro   0x000000000001498b      0x241 ./Core/Src/blinking_led.o
 .debug_macro   0x0000000000014bcc      0x141 ./Core/Src/blinking_led.o
 .debug_macro   0x0000000000014d0d      0x217 ./Core/Src/blinking_led.o
 .debug_macro   0x0000000000014f24      0x8d1 ./Core/Src/blinking_led.o
 .debug_macro   0x00000000000157f5       0x83 ./Core/Src/blinking_led.o
 .debug_macro   0x0000000000015878       0x58 ./Core/Src/blinking_led.o
 .debug_macro   0x00000000000158d0      0x27a ./Core/Src/button.o
 .debug_macro   0x0000000000015b4a       0x34 ./Core/Src/button.o
 .debug_macro   0x0000000000015b7e       0x52 ./Core/Src/button.o
 .debug_macro   0x0000000000015bd0       0x18 ./Core/Src/button.o
 .debug_macro   0x0000000000015be8       0x3c ./Core/Src/button.o
 .debug_macro   0x0000000000015c24       0x34 ./Core/Src/button.o
 .debug_macro   0x0000000000015c58       0x16 ./Core/Src/button.o
 .debug_macro   0x0000000000015c6e       0x43 ./Core/Src/button.o
 .debug_macro   0x0000000000015cb1       0x34 ./Core/Src/button.o
 .debug_macro   0x0000000000015ce5       0x10 ./Core/Src/button.o
 .debug_macro   0x0000000000015cf5       0x58 ./Core/Src/button.o
 .debug_macro   0x0000000000015d4d       0x71 ./Core/Src/button.o
 .debug_macro   0x0000000000015dbe       0x1c ./Core/Src/button.o
 .debug_macro   0x0000000000015dda      0x12a ./Core/Src/button.o
 .debug_macro   0x0000000000015f04      0x341 ./Core/Src/button.o
 .debug_macro   0x0000000000016245      0x19b ./Core/Src/button.o
 .debug_macro   0x00000000000163e0      0x3b9 ./Core/Src/fsm.o
 .debug_macro   0x0000000000016799       0x40 ./Core/Src/fsm.o
 .debug_macro   0x00000000000167d9       0x3a ./Core/Src/fsm.o
 .debug_macro   0x0000000000016813       0x10 ./Core/Src/fsm.o
 .debug_macro   0x0000000000016823       0x35 ./Core/Src/fsm.o
 .debug_macro   0x0000000000016858       0x20 ./Core/Src/fsm.o
 .debug_macro   0x0000000000016878       0x1c ./Core/Src/fsm.o
 .debug_macro   0x0000000000016894       0x10 ./Core/Src/fsm.o
 .debug_macro   0x00000000000168a4       0x10 ./Core/Src/fsm.o
 .debug_macro   0x00000000000168b4       0x1c ./Core/Src/fsm.o
 .debug_macro   0x00000000000168d0       0x52 ./Core/Src/fsm.o
 .debug_macro   0x0000000000016922       0x22 ./Core/Src/fsm.o
 .debug_macro   0x0000000000016944       0x10 ./Core/Src/fsm.o
 .debug_macro   0x0000000000016954       0x52 ./Core/Src/fsm.o
 .debug_macro   0x00000000000169a6       0xd5 ./Core/Src/fsm.o
 .debug_macro   0x0000000000016a7b       0x1c ./Core/Src/fsm.o
 .debug_macro   0x0000000000016a97       0x3d ./Core/Src/fsm.o
 .debug_macro   0x0000000000016ad4       0x16 ./Core/Src/fsm.o
 .debug_macro   0x0000000000016aea      0x145 ./Core/Src/fsm.o
 .debug_macro   0x0000000000016c2f       0x16 ./Core/Src/fsm.o
 .debug_macro   0x0000000000016c45       0x16 ./Core/Src/fsm.o
 .debug_macro   0x0000000000016c5b       0x29 ./Core/Src/fsm.o
 .debug_macro   0x0000000000016c84      0x1e2 ./Core/Src/global.o
 .debug_macro   0x0000000000016e66      0x3d2 ./Core/Src/main.o
 .debug_macro   0x0000000000017238       0x16 ./Core/Src/main.o
 .debug_macro   0x000000000001724e      0x249 ./Core/Src/main.o
 .debug_macro   0x0000000000017497       0x46 ./Core/Src/main.o
 .debug_macro   0x00000000000174dd       0x16 ./Core/Src/main.o
 .debug_macro   0x00000000000174f3      0x392 ./Core/Src/memory_struct.o
 .debug_macro   0x0000000000017885       0x4c ./Core/Src/memory_struct.o
 .debug_macro   0x00000000000178d1       0x94 ./Core/Src/memory_struct.o
 .debug_macro   0x0000000000017965       0x57 ./Core/Src/memory_struct.o
 .debug_macro   0x00000000000179bc       0x56 ./Core/Src/memory_struct.o
 .debug_macro   0x0000000000017a12      0x1bc ./Core/Src/software_timer.o
 .debug_macro   0x0000000000017bce      0x1b2 ./Core/Src/stm32f1xx_hal_msp.o
 .debug_macro   0x0000000000017d80      0x1bc ./Core/Src/stm32f1xx_it.o
 .debug_macro   0x0000000000017f3c      0x1a3 ./Core/Src/system_stm32f1xx.o
 .debug_macro   0x00000000000180df      0x1c7 ./Drivers/STM32F1xx_HAL_Driver/Src/stm32f1xx_hal.o
 .debug_macro   0x00000000000182a6      0x1a3 ./Drivers/STM32F1xx_HAL_Driver/Src/stm32f1xx_hal_cortex.o
 .debug_macro   0x0000000000018449      0x20e ./Drivers/STM32F1xx_HAL_Driver/Src/stm32f1xx_hal_gpio.o
 .debug_macro   0x0000000000018657      0x1b5 ./Drivers/STM32F1xx_HAL_Driver/Src/stm32f1xx_hal_rcc.o
 .debug_macro   0x000000000001880c      0x1ab ./Drivers/STM32F1xx_HAL_Driver/Src/stm32f1xx_hal_spi.o
 .debug_macro   0x00000000000189b7      0x1a4 ./Drivers/STM32F1xx_HAL_Driver/Src/stm32f1xx_hal_tim.o
 .debug_macro   0x0000000000018b5b      0x1a3 ./Drivers/STM32F1xx_HAL_Driver/Src/stm32f1xx_hal_tim_ex.o

.debug_line     0x0000000000000000     0xec9b
 .debug_line    0x0000000000000000      0x6c0 ./Core/Src/blinking_led.o
 .debug_line    0x00000000000006c0      0x8b1 ./Core/Src/button.o
 .debug_line    0x0000000000000f71      0xb8b ./Core/Src/fsm.o
 .debug_line    0x0000000000001afc      0x67e ./Core/Src/global.o
 .debug_line    0x000000000000217a     0x1101 ./Core/Src/main.o
 .debug_line    0x000000000000327b      0xafa ./Core/Src/memory_struct.o
 .debug_line    0x0000000000003d75      0x7d9 ./Core/Src/software_timer.o
 .debug_line    0x000000000000454e      0x6fc ./Core/Src/stm32f1xx_hal_msp.o
 .debug_line    0x0000000000004c4a      0x747 ./Core/Src/stm32f1xx_it.o
 .debug_line    0x0000000000005391      0x6eb ./Core/Src/system_stm32f1xx.o
 .debug_line    0x0000000000005a7c       0x87 ./Core/Startup/startup_stm32f103c8tx.o
 .debug_line    0x0000000000005b03      0x918 ./Drivers/STM32F1xx_HAL_Driver/Src/stm32f1xx_hal.o
 .debug_line    0x000000000000641b      0xb00 ./Drivers/STM32F1xx_HAL_Driver/Src/stm32f1xx_hal_cortex.o
 .debug_line    0x0000000000006f1b      0x9af ./Drivers/STM32F1xx_HAL_Driver/Src/stm32f1xx_hal_gpio.o
 .debug_line    0x00000000000078ca      0xd26 ./Drivers/STM32F1xx_HAL_Driver/Src/stm32f1xx_hal_rcc.o
 .debug_line    0x00000000000085f0     0x1b9d ./Drivers/STM32F1xx_HAL_Driver/Src/stm32f1xx_hal_spi.o
 .debug_line    0x000000000000a18d     0x32ce ./Drivers/STM32F1xx_HAL_Driver/Src/stm32f1xx_hal_tim.o
 .debug_line    0x000000000000d45b     0x1840 ./Drivers/STM32F1xx_HAL_Driver/Src/stm32f1xx_hal_tim_ex.o

.debug_str      0x0000000000000000    0x8ae28
 .debug_str     0x0000000000000000    0x82932 ./Core/Src/blinking_led.o
                                      0x82c9b (size before relaxing)
 .debug_str     0x0000000000082932     0x374d ./Core/Src/button.o
                                      0x8638f (size before relaxing)
 .debug_str     0x000000000008607f     0x1293 ./Core/Src/fsm.o
                                      0x86d4c (size before relaxing)
 .debug_str     0x0000000000087312       0x15 ./Core/Src/global.o
                                      0x82d1f (size before relaxing)
 .debug_str     0x0000000000087327     0x1253 ./Core/Src/main.o
                                      0x87fbd (size before relaxing)
 .debug_str     0x000000000008857a       0x63 ./Core/Src/memory_struct.o
                                      0x86bad (size before relaxing)
 .debug_str     0x00000000000885dd       0x95 ./Core/Src/software_timer.o
                                      0x82d16 (size before relaxing)
 .debug_str     0x0000000000088672      0x371 ./Core/Src/stm32f1xx_hal_msp.o
                                      0x836e6 (size before relaxing)
 .debug_str     0x00000000000889e3       0xec ./Core/Src/stm32f1xx_it.o
                                      0x83163 (size before relaxing)
 .debug_str     0x0000000000088acf       0x7e ./Core/Src/system_stm32f1xx.o
                                      0x82b47 (size before relaxing)
 .debug_str     0x0000000000088b4d       0x36 ./Core/Startup/startup_stm32f103c8tx.o
                                         0x7c (size before relaxing)
 .debug_str     0x0000000000088b83      0x384 ./Drivers/STM32F1xx_HAL_Driver/Src/stm32f1xx_hal.o
                                      0x8327a (size before relaxing)
 .debug_str     0x0000000000088f07      0x294 ./Drivers/STM32F1xx_HAL_Driver/Src/stm32f1xx_hal_cortex.o
                                      0x831c6 (size before relaxing)
 .debug_str     0x000000000008919b      0x2d5 ./Drivers/STM32F1xx_HAL_Driver/Src/stm32f1xx_hal_gpio.o
                                      0x82ecd (size before relaxing)
 .debug_str     0x0000000000089470      0x229 ./Drivers/STM32F1xx_HAL_Driver/Src/stm32f1xx_hal_rcc.o
                                      0x82f76 (size before relaxing)
 .debug_str     0x0000000000089699      0x554 ./Drivers/STM32F1xx_HAL_Driver/Src/stm32f1xx_hal_spi.o
                                      0x83473 (size before relaxing)
 .debug_str     0x0000000000089bed      0xda8 ./Drivers/STM32F1xx_HAL_Driver/Src/stm32f1xx_hal_tim.o
                                      0x83f61 (size before relaxing)
 .debug_str     0x000000000008a995      0x493 ./Drivers/STM32F1xx_HAL_Driver/Src/stm32f1xx_hal_tim_ex.o
                                      0x8377d (size before relaxing)

.comment        0x0000000000000000       0x50
 .comment       0x0000000000000000       0x50 ./Core/Src/blinking_led.o
                                         0x51 (size before relaxing)
 .comment       0x0000000000000050       0x51 ./Core/Src/button.o
 .comment       0x0000000000000050       0x51 ./Core/Src/fsm.o
 .comment       0x0000000000000050       0x51 ./Core/Src/global.o
 .comment       0x0000000000000050       0x51 ./Core/Src/main.o
 .comment       0x0000000000000050       0x51 ./Core/Src/memory_struct.o
 .comment       0x0000000000000050       0x51 ./Core/Src/software_timer.o
 .comment       0x0000000000000050       0x51 ./Core/Src/stm32f1xx_hal_msp.o
 .comment       0x0000000000000050       0x51 ./Core/Src/stm32f1xx_it.o
 .comment       0x0000000000000050       0x51 ./Core/Src/system_stm32f1xx.o
 .comment       0x0000000000000050       0x51 ./Drivers/STM32F1xx_HAL_Driver/Src/stm32f1xx_hal.o
 .comment       0x0000000000000050       0x51 ./Drivers/STM32F1xx_HAL_Driver/Src/stm32f1xx_hal_cortex.o
 .comment       0x0000000000000050       0x51 ./Drivers/STM32F1xx_HAL_Driver/Src/stm32f1xx_hal_gpio.o
 .comment       0x0000000000000050       0x51 ./Drivers/STM32F1xx_HAL_Driver/Src/stm32f1xx_hal_rcc.o
 .comment       0x0000000000000050       0x51 ./Drivers/STM32F1xx_HAL_Driver/Src/stm32f1xx_hal_spi.o
 .comment       0x0000000000000050       0x51 ./Drivers/STM32F1xx_HAL_Driver/Src/stm32f1xx_hal_tim.o
 .comment       0x0000000000000050       0x51 ./Drivers/STM32F1xx_HAL_Driver/Src/stm32f1xx_hal_tim_ex.o

.debug_frame    0x0000000000000000     0x3a18
 .debug_frame   0x0000000000000000       0x34 ./Core/Src/blinking_led.o
 .debug_frame   0x0000000000000034       0x5c ./Core/Src/button.o
 .debug_frame   0x0000000000000090       0x54 ./Core/Src/fsm.o
 .debug_frame   0x00000000000000e4      0x420 ./Core/Src/main.o
 .debug_frame   0x0000000000000504      0x1b0 ./Core/Src/memory_struct.o
 .debug_frame   0x00000000000006b4      0x170 ./Core/Src/software_timer.o
 .debug_frame   0x0000000000000824       0xc8 ./Core/Src/stm32f1xx_hal_msp.o
 .debug_frame   0x00000000000008ec      0x120 ./Core/Src/stm32f1xx_it.o
 .debug_frame   0x0000000000000a0c       0x58 ./Core/Src/system_stm32f1xx.o
 .debug_frame   0x0000000000000a64      0x334 ./Drivers/STM32F1xx_HAL_Driver/Src/stm32f1xx_hal.o
 .debug_frame   0x0000000000000d98      0x428 ./Drivers/STM32F1xx_HAL_Driver/Src/stm32f1xx_hal_cortex.o
 .debug_frame   0x00000000000011c0      0x14c ./Drivers/STM32F1xx_HAL_Driver/Src/stm32f1xx_hal_gpio.o
 .debug_frame   0x000000000000130c      0x21c ./Drivers/STM32F1xx_HAL_Driver/Src/stm32f1xx_hal_rcc.o
 .debug_frame   0x0000000000001528      0x824 ./Drivers/STM32F1xx_HAL_Driver/Src/stm32f1xx_hal_spi.o
 .debug_frame   0x0000000000001d4c     0x11b8 ./Drivers/STM32F1xx_HAL_Driver/Src/stm32f1xx_hal_tim.o
 .debug_frame   0x0000000000002f04      0x638 ./Drivers/STM32F1xx_HAL_Driver/Src/stm32f1xx_hal_tim_ex.o
 .debug_frame   0x000000000000353c       0x20 c:/st/stm32cubeide_1.7.0/stm32cubeide/plugins/com.st.stm32cube.ide.mcu.externaltools.gnu-tools-for-stm32.10.3-2021.10.win32_1.0.0.202111181127/tools/bin/../lib/gcc/arm-none-eabi/10.3.1/../../../../arm-none-eabi/lib/thumb/v7-m/nofp\libc_nano.a(lib_a-errno.o)
 .debug_frame   0x000000000000355c       0x2c c:/st/stm32cubeide_1.7.0/stm32cubeide/plugins/com.st.stm32cube.ide.mcu.externaltools.gnu-tools-for-stm32.10.3-2021.10.win32_1.0.0.202111181127/tools/bin/../lib/gcc/arm-none-eabi/10.3.1/../../../../arm-none-eabi/lib/thumb/v7-m/nofp\libc_nano.a(lib_a-init.o)
 .debug_frame   0x0000000000003588       0x20 c:/st/stm32cubeide_1.7.0/stm32cubeide/plugins/com.st.stm32cube.ide.mcu.externaltools.gnu-tools-for-stm32.10.3-2021.10.win32_1.0.0.202111181127/tools/bin/../lib/gcc/arm-none-eabi/10.3.1/../../../../arm-none-eabi/lib/thumb/v7-m/nofp\libc_nano.a(lib_a-memset.o)
 .debug_frame   0x00000000000035a8       0x34 c:/st/stm32cubeide_1.7.0/stm32cubeide/plugins/com.st.stm32cube.ide.mcu.externaltools.gnu-tools-for-stm32.10.3-2021.10.win32_1.0.0.202111181127/tools/bin/../lib/gcc/arm-none-eabi/10.3.1/../../../../arm-none-eabi/lib/thumb/v7-m/nofp\libm.a(lib_a-w_pow.o)
 .debug_frame   0x00000000000035dc       0x78 c:/st/stm32cubeide_1.7.0/stm32cubeide/plugins/com.st.stm32cube.ide.mcu.externaltools.gnu-tools-for-stm32.10.3-2021.10.win32_1.0.0.202111181127/tools/bin/../lib/gcc/arm-none-eabi/10.3.1/../../../../arm-none-eabi/lib/thumb/v7-m/nofp\libm.a(lib_a-e_pow.o)
 .debug_frame   0x0000000000003654       0x30 c:/st/stm32cubeide_1.7.0/stm32cubeide/plugins/com.st.stm32cube.ide.mcu.externaltools.gnu-tools-for-stm32.10.3-2021.10.win32_1.0.0.202111181127/tools/bin/../lib/gcc/arm-none-eabi/10.3.1/../../../../arm-none-eabi/lib/thumb/v7-m/nofp\libm.a(lib_a-e_sqrt.o)
 .debug_frame   0x0000000000003684      0x120 c:/st/stm32cubeide_1.7.0/stm32cubeide/plugins/com.st.stm32cube.ide.mcu.externaltools.gnu-tools-for-stm32.10.3-2021.10.win32_1.0.0.202111181127/tools/bin/../lib/gcc/arm-none-eabi/10.3.1/../../../../arm-none-eabi/lib/thumb/v7-m/nofp\libm.a(lib_a-math_err.o)
 .debug_frame   0x00000000000037a4       0x20 c:/st/stm32cubeide_1.7.0/stm32cubeide/plugins/com.st.stm32cube.ide.mcu.externaltools.gnu-tools-for-stm32.10.3-2021.10.win32_1.0.0.202111181127/tools/bin/../lib/gcc/arm-none-eabi/10.3.1/../../../../arm-none-eabi/lib/thumb/v7-m/nofp\libm.a(lib_a-s_fabs.o)
 .debug_frame   0x00000000000037c4       0x20 c:/st/stm32cubeide_1.7.0/stm32cubeide/plugins/com.st.stm32cube.ide.mcu.externaltools.gnu-tools-for-stm32.10.3-2021.10.win32_1.0.0.202111181127/tools/bin/../lib/gcc/arm-none-eabi/10.3.1/../../../../arm-none-eabi/lib/thumb/v7-m/nofp\libm.a(lib_a-s_finite.o)
 .debug_frame   0x00000000000037e4       0x30 c:/st/stm32cubeide_1.7.0/stm32cubeide/plugins/com.st.stm32cube.ide.mcu.externaltools.gnu-tools-for-stm32.10.3-2021.10.win32_1.0.0.202111181127/tools/bin/../lib/gcc/arm-none-eabi/10.3.1/../../../../arm-none-eabi/lib/thumb/v7-m/nofp\libm.a(lib_a-s_scalbn.o)
 .debug_frame   0x0000000000003814       0xac c:/st/stm32cubeide_1.7.0/stm32cubeide/plugins/com.st.stm32cube.ide.mcu.externaltools.gnu-tools-for-stm32.10.3-2021.10.win32_1.0.0.202111181127/tools/bin/../lib/gcc/arm-none-eabi/10.3.1/thumb/v7-m/nofp\libgcc.a(_arm_addsubdf3.o)
 .debug_frame   0x00000000000038c0       0x50 c:/st/stm32cubeide_1.7.0/stm32cubeide/plugins/com.st.stm32cube.ide.mcu.externaltools.gnu-tools-for-stm32.10.3-2021.10.win32_1.0.0.202111181127/tools/bin/../lib/gcc/arm-none-eabi/10.3.1/thumb/v7-m/nofp\libgcc.a(_arm_muldivdf3.o)
 .debug_frame   0x0000000000003910       0xc4 c:/st/stm32cubeide_1.7.0/stm32cubeide/plugins/com.st.stm32cube.ide.mcu.externaltools.gnu-tools-for-stm32.10.3-2021.10.win32_1.0.0.202111181127/tools/bin/../lib/gcc/arm-none-eabi/10.3.1/thumb/v7-m/nofp\libgcc.a(_arm_cmpdf2.o)
 .debug_frame   0x00000000000039d4       0x20 c:/st/stm32cubeide_1.7.0/stm32cubeide/plugins/com.st.stm32cube.ide.mcu.externaltools.gnu-tools-for-stm32.10.3-2021.10.win32_1.0.0.202111181127/tools/bin/../lib/gcc/arm-none-eabi/10.3.1/thumb/v7-m/nofp\libgcc.a(_arm_unorddf2.o)
 .debug_frame   0x00000000000039f4       0x24 c:/st/stm32cubeide_1.7.0/stm32cubeide/plugins/com.st.stm32cube.ide.mcu.externaltools.gnu-tools-for-stm32.10.3-2021.10.win32_1.0.0.202111181127/tools/bin/../lib/gcc/arm-none-eabi/10.3.1/thumb/v7-m/nofp\libgcc.a(_arm_fixunsdfsi.o)
